
> Configure project :
Java: 21.0.9 JVM: 21.0.9+10-LTS (Eclipse Adoptium) Arch: aarch64

> Task :checkKotlinGradlePluginConfigurationErrors
> Task :processResources UP-TO-DATE
> Task :compileKotlin
e: Supertypes of the following classes cannot be resolved. Please make sure you have the required dependencies in the classpath:
    class mods.eln.sixnode.electricalmath.ElectricalMathDescriptor, unresolved supertypes: IPlugIn
Adding -Xextended-compiler-checks argument might provide additional information.

e: file:///Users/aiw.robson/Documents/Projects/ElectricalAge2/src/main/java/mods/eln/sim/process/heater/ElectricalLoadHeatThermalLoad.kt:8:7 Redeclaration: ElectricalLoadHeatThermalLoad
e: file:///Users/aiw.robson/Documents/Projects/ElectricalAge2/src/main/java/mods/eln/sixnode/currentrelay/CurrentRelay.kt:375:5 'tileEntity' overrides nothing
e: file:///Users/aiw.robson/Documents/Projects/ElectricalAge2/src/main/java/mods/eln/sixnode/currentrelay/CurrentRelay.kt:423:70 Only safe (?.) or non-null asserted (!!.) calls are allowed on a nullable receiver of type ElectricalCableDescriptor?
e: file:///Users/aiw.robson/Documents/Projects/ElectricalAge2/src/main/kotlin/mods/eln/cable/CableRenderDescriptor.kt:4:27 Unresolved reference: ResourceLocation
e: file:///Users/aiw.robson/Documents/Projects/ElectricalAge2/src/main/kotlin/mods/eln/cable/CableRenderDescriptor.kt:11:24 Unresolved reference: ResourceLocation
e: file:///Users/aiw.robson/Documents/Projects/ElectricalAge2/src/main/kotlin/mods/eln/cable/CopperCableDescriptor.kt:7:45 This type is final, so it cannot be inherited from
e: file:///Users/aiw.robson/Documents/Projects/ElectricalAge2/src/main/kotlin/mods/eln/cable/CopperCableDescriptor.kt:14:9 Unresolved reference. None of the following candidates is applicable because of receiver type mismatch: 
public final var electricalRp: Double defined in mods.eln.cable.CopperCableDescriptor
e: file:///Users/aiw.robson/Documents/Projects/ElectricalAge2/src/main/kotlin/mods/eln/cable/CopperCableDescriptor.kt:15:9 Unresolved reference. None of the following candidates is applicable because of receiver type mismatch: 
public final var electricalMaximalPower: Double defined in mods.eln.cable.CopperCableDescriptor
e: file:///Users/aiw.robson/Documents/Projects/ElectricalAge2/src/main/kotlin/mods/eln/cable/ElectricalCableDescriptor.kt:82:51 None of the following functions can be called with the arguments supplied: 
public final fun fromCable(descriptor: CurrentCableDescriptor?): VoltageLevelColor defined in mods.eln.misc.VoltageLevelColor.Companion
public final fun fromCable(descriptor: ElectricalCableDescriptor?): VoltageLevelColor defined in mods.eln.misc.VoltageLevelColor.Companion
e: file:///Users/aiw.robson/Documents/Projects/ElectricalAge2/src/main/kotlin/mods/eln/cable/ElectricalCableDescriptor.kt:108:5 'addRealismContext' overrides nothing
e: file:///Users/aiw.robson/Documents/Projects/ElectricalAge2/src/main/kotlin/mods/eln/cable/ElectricalCableDescriptor.kt:117:5 'addInformation' overrides nothing
e: file:///Users/aiw.robson/Documents/Projects/ElectricalAge2/src/main/kotlin/mods/eln/cable/ElectricalCableDescriptor.kt:118:15 Unresolved reference: addInformation
e: file:///Users/aiw.robson/Documents/Projects/ElectricalAge2/src/main/kotlin/mods/eln/client/ClientKeyHandler.kt:7:34 Unresolved reference: clientOpenGui
e: file:///Users/aiw.robson/Documents/Projects/ElectricalAge2/src/main/kotlin/mods/eln/client/ClientKeyHandler.kt:9:22 Unresolved reference: Root
e: file:///Users/aiw.robson/Documents/Projects/ElectricalAge2/src/main/kotlin/mods/eln/client/ClientKeyHandler.kt:54:17 Unresolved reference: clientOpenGui
e: file:///Users/aiw.robson/Documents/Projects/ElectricalAge2/src/main/kotlin/mods/eln/client/ClientKeyHandler.kt:54:31 Unresolved reference: Root
e: file:///Users/aiw.robson/Documents/Projects/ElectricalAge2/src/main/kotlin/mods/eln/client/UuidManager.kt:10:9 Unresolved reference: FMLCommonHandler
e: file:///Users/aiw.robson/Documents/Projects/ElectricalAge2/src/main/kotlin/mods/eln/client/UuidManager.kt:20:6 Unresolved reference: SubscribeEvent
e: file:///Users/aiw.robson/Documents/Projects/ElectricalAge2/src/main/kotlin/mods/eln/client/UuidManager.kt:21:21 Unresolved reference: TickEvent
e: file:///Users/aiw.robson/Documents/Projects/ElectricalAge2/src/main/kotlin/mods/eln/client/UuidManager.kt:22:28 Unresolved reference: Phase
e: file:///Users/aiw.robson/Documents/Projects/ElectricalAge2/src/main/kotlin/mods/eln/client/UuidManager.kt:28:26 Function invocation 'isAlive()' expected
e: file:///Users/aiw.robson/Documents/Projects/ElectricalAge2/src/main/kotlin/mods/eln/config/ConfigHandler.kt:171:9 Val cannot be reassigned
e: file:///Users/aiw.robson/Documents/Projects/ElectricalAge2/src/main/kotlin/mods/eln/fluid/FluidRegistration.kt:108:27 Type mismatch: inferred type is RegistryObject<`<no name provided>`!>! but RegistryObject<FluidType> was expected
e: file:///Users/aiw.robson/Documents/Projects/ElectricalAge2/src/main/kotlin/mods/eln/fluid/FuelRegistry.kt:80:58 Unresolved reference: path
e: file:///Users/aiw.robson/Documents/Projects/ElectricalAge2/src/main/kotlin/mods/eln/fluid/PreciseElementFluidHandler.kt:16:13 Unresolved reference: setDouble
e: file:///Users/aiw.robson/Documents/Projects/ElectricalAge2/src/main/kotlin/mods/eln/fluid/TankData.kt:6:34 Unresolved reference: Fluid
e: file:///Users/aiw.robson/Documents/Projects/ElectricalAge2/src/main/kotlin/mods/eln/fluid/TankData.kt:7:34 Unresolved reference: FluidRegistry
e: file:///Users/aiw.robson/Documents/Projects/ElectricalAge2/src/main/kotlin/mods/eln/fluid/TankData.kt:8:34 Unresolved reference: FluidTank
e: file:///Users/aiw.robson/Documents/Projects/ElectricalAge2/src/main/kotlin/mods/eln/fluid/TankData.kt:11:31 Unresolved reference: FluidTank
e: file:///Users/aiw.robson/Documents/Projects/ElectricalAge2/src/main/kotlin/mods/eln/fluid/TankData.kt:11:74 Unresolved reference: Fluid
e: file:///Users/aiw.robson/Documents/Projects/ElectricalAge2/src/main/kotlin/mods/eln/fluid/TankData.kt:15:30 Unresolved reference: getCompoundTag
e: file:///Users/aiw.robson/Documents/Projects/ElectricalAge2/src/main/kotlin/mods/eln/fluid/TankData.kt:20:36 Unresolved reference: FluidRegistry
e: file:///Users/aiw.robson/Documents/Projects/ElectricalAge2/src/main/kotlin/mods/eln/fluid/TankData.kt:26:14 Variable expected
e: file:///Users/aiw.robson/Documents/Projects/ElectricalAge2/src/main/kotlin/mods/eln/fluid/TankData.kt:26:29 Unresolved reference: getInteger
e: file:///Users/aiw.robson/Documents/Projects/ElectricalAge2/src/main/kotlin/mods/eln/fluid/TankData.kt:32:13 Unresolved reference: setTag
e: file:///Users/aiw.robson/Documents/Projects/ElectricalAge2/src/main/kotlin/mods/eln/fluid/TankData.kt:33:13 Unresolved reference: setString
e: file:///Users/aiw.robson/Documents/Projects/ElectricalAge2/src/main/kotlin/mods/eln/fluid/TankData.kt:34:13 Unresolved reference: setDouble
e: file:///Users/aiw.robson/Documents/Projects/ElectricalAge2/src/main/kotlin/mods/eln/fluid/TankData.kt:35:13 Unresolved reference: setInteger
e: file:///Users/aiw.robson/Documents/Projects/ElectricalAge2/src/main/kotlin/mods/eln/generic/GenericItemUsingDamageDescriptorWithComment.kt:4:35 Unresolved reference: TextComponent
e: file:///Users/aiw.robson/Documents/Projects/ElectricalAge2/src/main/kotlin/mods/eln/generic/GenericItemUsingDamageDescriptorWithComment.kt:18:29 Unresolved reference: TextComponent
e: file:///Users/aiw.robson/Documents/Projects/ElectricalAge2/src/main/kotlin/mods/eln/generic/GenericItemUsingDamageSlot.kt:14:51 Unresolved reference: Medium
e: file:///Users/aiw.robson/Documents/Projects/ElectricalAge2/src/main/kotlin/mods/eln/ghost/GhostBlock.kt:131:89 Expecting ','
e: file:///Users/aiw.robson/Documents/Projects/ElectricalAge2/src/main/kotlin/mods/eln/ghost/GhostBlock.kt:131:101 Expecting an element
e: file:///Users/aiw.robson/Documents/Projects/ElectricalAge2/src/main/kotlin/mods/eln/ghost/GhostBlock.kt:113:5 'getCloneItemStack' overrides nothing
e: file:///Users/aiw.robson/Documents/Projects/ElectricalAge2/src/main/kotlin/mods/eln/ghost/GhostBlock.kt:131:85 Type mismatch: inferred type is Direction! but Int was expected
e: file:///Users/aiw.robson/Documents/Projects/ElectricalAge2/src/main/kotlin/mods/eln/ghost/GhostBlock.kt:131:91 Unresolved reference: DDataValue
e: file:///Users/aiw.robson/Documents/Projects/ElectricalAge2/src/main/kotlin/mods/eln/ghost/GhostBlock.kt:131:91 Unsupported [literal prefixes and suffixes]
e: file:///Users/aiw.robson/Documents/Projects/ElectricalAge2/src/main/kotlin/mods/eln/ghost/GhostElement.kt:24:25 Only safe (?.) or non-null asserted (!!.) calls are allowed on a nullable receiver of type GhostManager?
e: file:///Users/aiw.robson/Documents/Projects/ElectricalAge2/src/main/kotlin/mods/eln/ghost/GhostElement.kt:25:40 Only safe (?.) or non-null asserted (!!.) calls are allowed on a nullable receiver of type GhostManager?
e: file:///Users/aiw.robson/Documents/Projects/ElectricalAge2/src/main/kotlin/mods/eln/ghost/GhostElement.kt:30:40 Only safe (?.) or non-null asserted (!!.) calls are allowed on a nullable receiver of type GhostManager?
e: file:///Users/aiw.robson/Documents/Projects/ElectricalAge2/src/main/kotlin/mods/eln/ghost/GhostElement.kt:37:20 Unresolved reference: getInteger
e: file:///Users/aiw.robson/Documents/Projects/ElectricalAge2/src/main/kotlin/mods/eln/ghost/GhostElement.kt:43:13 Unresolved reference: setInteger
e: file:///Users/aiw.robson/Documents/Projects/ElectricalAge2/src/main/kotlin/mods/eln/ghost/GhostGroup.kt:17:79 Unresolved reference: tCube
e: file:///Users/aiw.robson/Documents/Projects/ElectricalAge2/src/main/kotlin/mods/eln/ghost/GhostGroup.kt:59:28 Unresolved reference: World
e: file:///Users/aiw.robson/Documents/Projects/ElectricalAge2/src/main/kotlin/mods/eln/ghost/GhostGroup.kt:61:34 Only safe (?.) or non-null asserted (!!.) calls are allowed on a nullable receiver of type GhostManager?
e: file:///Users/aiw.robson/Documents/Projects/ElectricalAge2/src/main/kotlin/mods/eln/ghost/GhostGroup.kt:69:47 Unresolved reference: newWithOffset
e: file:///Users/aiw.robson/Documents/Projects/ElectricalAge2/src/main/kotlin/mods/eln/ghost/GhostGroup.kt:70:29 Only safe (?.) or non-null asserted (!!.) calls are allowed on a nullable receiver of type GhostManager?
e: file:///Users/aiw.robson/Documents/Projects/ElectricalAge2/src/main/kotlin/mods/eln/ghost/GhostGroup.kt:76:25 Only safe (?.) or non-null asserted (!!.) calls are allowed on a nullable receiver of type GhostManager?
e: file:///Users/aiw.robson/Documents/Projects/ElectricalAge2/src/main/kotlin/mods/eln/ghost/GhostGroup.kt:80:25 Only safe (?.) or non-null asserted (!!.) calls are allowed on a nullable receiver of type GhostManager?
e: file:///Users/aiw.robson/Documents/Projects/ElectricalAge2/src/main/kotlin/mods/eln/ghost/GhostGroup.kt:85:29 Only safe (?.) or non-null asserted (!!.) calls are allowed on a nullable receiver of type GhostManager?
e: file:///Users/aiw.robson/Documents/Projects/ElectricalAge2/src/main/kotlin/mods/eln/ghost/GhostGroup.kt:85:61 Unresolved reference: newWithOffset
e: file:///Users/aiw.robson/Documents/Projects/ElectricalAge2/src/main/kotlin/mods/eln/ghost/GhostManager.kt:6:28 Unresolved reference: getTags
e: file:///Users/aiw.robson/Documents/Projects/ElectricalAge2/src/main/kotlin/mods/eln/ghost/GhostManager.kt:103:19 Unresolved reference: getTags
e: file:///Users/aiw.robson/Documents/Projects/ElectricalAge2/src/main/kotlin/mods/eln/ghost/GhostManagerNbt.kt:5:34 Unresolved reference: LevelSavedData
e: file:///Users/aiw.robson/Documents/Projects/ElectricalAge2/src/main/kotlin/mods/eln/ghost/GhostManagerNbt.kt:7:43 Unresolved reference: WorldSavedData
e: file:///Users/aiw.robson/Documents/Projects/ElectricalAge2/src/main/kotlin/mods/eln/ghost/GhostManagerNbt.kt:8:5 'isDirty' overrides nothing
e: file:///Users/aiw.robson/Documents/Projects/ElectricalAge2/src/main/kotlin/mods/eln/ghost/GhostManagerNbt.kt:12:5 'readFromNBT' overrides nothing
e: file:///Users/aiw.robson/Documents/Projects/ElectricalAge2/src/main/kotlin/mods/eln/ghost/GhostManagerNbt.kt:13:26 Unresolved reference: loadFromNBT
e: file:///Users/aiw.robson/Documents/Projects/ElectricalAge2/src/main/kotlin/mods/eln/ghost/GhostManagerNbt.kt:16:5 'writeToNBT' overrides nothing
e: file:///Users/aiw.robson/Documents/Projects/ElectricalAge2/src/main/kotlin/mods/eln/gridnode/GridDescriptor.kt:9:27 Unresolved reference: Vec3
e: file:///Users/aiw.robson/Documents/Projects/ElectricalAge2/src/main/kotlin/mods/eln/gridnode/GridDescriptor.kt:21:23 Unresolved reference: Vec3
e: file:///Users/aiw.robson/Documents/Projects/ElectricalAge2/src/main/kotlin/mods/eln/gridnode/GridDescriptor.kt:21:30 Unresolved reference: Vec3
e: file:///Users/aiw.robson/Documents/Projects/ElectricalAge2/src/main/kotlin/mods/eln/gridnode/GridElement.kt:12:42 Unresolved reference: ServerPlayer
e: file:///Users/aiw.robson/Documents/Projects/ElectricalAge2/src/main/kotlin/mods/eln/gridnode/GridElement.kt:87:56 Type mismatch: inferred type is String? but String was expected
e: file:///Users/aiw.robson/Documents/Projects/ElectricalAge2/src/main/kotlin/mods/eln/gridnode/GridLink.kt:138:27 Unresolved reference: loadItemStackFromNBT
e: file:///Users/aiw.robson/Documents/Projects/ElectricalAge2/src/main/kotlin/mods/eln/gridnode/GridLink.kt:146:13 Unresolved reference: setDouble
e: file:///Users/aiw.robson/Documents/Projects/ElectricalAge2/src/main/kotlin/mods/eln/gridnode/GridLink.kt:147:15 Unresolved reference: writeToNBT
e: file:///Users/aiw.robson/Documents/Projects/ElectricalAge2/src/main/kotlin/mods/eln/gridnode/GridRender.kt:7:27 Unresolved reference: ResourceLocation
e: file:///Users/aiw.robson/Documents/Projects/ElectricalAge2/src/main/kotlin/mods/eln/gridnode/GridRender.kt:8:27 Unresolved reference: Vec3
e: file:///Users/aiw.robson/Documents/Projects/ElectricalAge2/src/main/kotlin/mods/eln/gridnode/GridRender.kt:18:31 Unresolved reference: ResourceLocation
e: file:///Users/aiw.robson/Documents/Projects/ElectricalAge2/src/main/kotlin/mods/eln/gridnode/GridRender.kt:25:24 Unresolved reference: ResourceLocation
e: file:///Users/aiw.robson/Documents/Projects/ElectricalAge2/src/main/kotlin/mods/eln/gridnode/GridRender.kt:44:51 Unresolved reference: Vec3
e: file:///Users/aiw.robson/Documents/Projects/ElectricalAge2/src/main/kotlin/mods/eln/gridnode/GridRender.kt:45:16 Unresolved reference: Vec3
e: file:///Users/aiw.robson/Documents/Projects/ElectricalAge2/src/main/kotlin/mods/eln/gridnode/GridRender.kt:91:33 Unresolved reference: Vec3
e: file:///Users/aiw.robson/Documents/Projects/ElectricalAge2/src/main/kotlin/mods/eln/gridnode/GridRender.kt:91:44 Unresolved reference: Vec3
e: file:///Users/aiw.robson/Documents/Projects/ElectricalAge2/src/main/kotlin/mods/eln/gridnode/GridRender.kt:94:31 Unresolved reference: Vec3
e: file:///Users/aiw.robson/Documents/Projects/ElectricalAge2/src/main/kotlin/mods/eln/gridnode/GridRender.kt:134:41 Unresolved reference: Vec3
e: file:///Users/aiw.robson/Documents/Projects/ElectricalAge2/src/main/kotlin/mods/eln/gridnode/GridRender.kt:134:58 Unresolved reference: Vec3
e: file:///Users/aiw.robson/Documents/Projects/ElectricalAge2/src/main/kotlin/mods/eln/gridnode/GridRender.kt:156:44 Unresolved reference: Vec3
e: file:///Users/aiw.robson/Documents/Projects/ElectricalAge2/src/main/kotlin/mods/eln/gridnode/GridRender.kt:156:58 Unresolved reference: Vec3
e: file:///Users/aiw.robson/Documents/Projects/ElectricalAge2/src/main/kotlin/mods/eln/gridnode/GridRender.kt:156:71 Unresolved reference: Vec3
e: file:///Users/aiw.robson/Documents/Projects/ElectricalAge2/src/main/kotlin/mods/eln/gridnode/GridRender.kt:157:26 Not enough information to infer type variable R
e: file:///Users/aiw.robson/Documents/Projects/ElectricalAge2/src/main/kotlin/mods/eln/gridnode/GridRender.kt:157:42 Cannot infer a type for this parameter. Please specify it explicitly.
e: file:///Users/aiw.robson/Documents/Projects/ElectricalAge2/src/main/kotlin/mods/eln/gridnode/GridRender.kt:160:31 Unresolved reference: Vec3
e: file:///Users/aiw.robson/Documents/Projects/ElectricalAge2/src/main/kotlin/mods/eln/gridnode/GridRender.kt:160:40 Unresolved reference: Vec3
e: file:///Users/aiw.robson/Documents/Projects/ElectricalAge2/src/main/kotlin/mods/eln/gridnode/GridRender.kt:160:53 Unresolved reference: Vec3
e: file:///Users/aiw.robson/Documents/Projects/ElectricalAge2/src/main/kotlin/mods/eln/gridnode/GridRender.kt:180:31 Unresolved reference: Vec3
e: file:///Users/aiw.robson/Documents/Projects/ElectricalAge2/src/main/kotlin/mods/eln/gridnode/GridRender.kt:180:38 Unresolved reference: Vec3
e: file:///Users/aiw.robson/Documents/Projects/ElectricalAge2/src/main/kotlin/mods/eln/gridnode/GridRender.kt:184:34 Unresolved reference: Vec3
e: file:///Users/aiw.robson/Documents/Projects/ElectricalAge2/src/main/kotlin/mods/eln/gridnode/GridRender.kt:184:52 Unresolved reference: Vec3
e: file:///Users/aiw.robson/Documents/Projects/ElectricalAge2/src/main/kotlin/mods/eln/gridnode/GridRender.kt:185:20 Unresolved reference: Vec3
e: file:///Users/aiw.robson/Documents/Projects/ElectricalAge2/src/main/kotlin/mods/eln/gridnode/GridRender.kt:193:50 Unresolved reference: Vec3
e: file:///Users/aiw.robson/Documents/Projects/ElectricalAge2/src/main/kotlin/mods/eln/gridnode/GridRender.kt:193:61 Unresolved reference: Vec3
e: file:///Users/aiw.robson/Documents/Projects/ElectricalAge2/src/main/kotlin/mods/eln/gridnode/GridRender.kt:193:74 Unresolved reference: Vec3
e: file:///Users/aiw.robson/Documents/Projects/ElectricalAge2/src/main/kotlin/mods/eln/gridnode/GridRender.kt:212:47 Overload resolution ambiguity: 
public final operator fun plus(other: Byte): Double defined in kotlin.Double
public final operator fun plus(other: Double): Double defined in kotlin.Double
public final operator fun plus(other: Float): Double defined in kotlin.Double
public final operator fun plus(other: Int): Double defined in kotlin.Double
public final operator fun plus(other: Long): Double defined in kotlin.Double
public final operator fun plus(other: Short): Double defined in kotlin.Double
e: file:///Users/aiw.robson/Documents/Projects/ElectricalAge2/src/main/kotlin/mods/eln/gridnode/GridRender.kt:212:58 Overload resolution ambiguity: 
public final operator fun minus(other: Byte): Double defined in kotlin.Double
public final operator fun minus(other: Double): Double defined in kotlin.Double
public final operator fun minus(other: Float): Double defined in kotlin.Double
public final operator fun minus(other: Int): Double defined in kotlin.Double
public final operator fun minus(other: Long): Double defined in kotlin.Double
public final operator fun minus(other: Short): Double defined in kotlin.Double
e: file:///Users/aiw.robson/Documents/Projects/ElectricalAge2/src/main/kotlin/mods/eln/gridnode/GridRender.kt:219:80 Overload resolution ambiguity: 
public final operator fun plus(other: Byte): Double defined in kotlin.Double
public final operator fun plus(other: Double): Double defined in kotlin.Double
public final operator fun plus(other: Float): Double defined in kotlin.Double
public final operator fun plus(other: Int): Double defined in kotlin.Double
public final operator fun plus(other: Long): Double defined in kotlin.Double
public final operator fun plus(other: Short): Double defined in kotlin.Double
e: file:///Users/aiw.robson/Documents/Projects/ElectricalAge2/src/main/kotlin/mods/eln/gridnode/GridRender.kt:220:17 Unresolved reference: Vec3
e: file:///Users/aiw.robson/Documents/Projects/ElectricalAge2/src/main/kotlin/mods/eln/gridnode/GridSwitch.kt:19:27 Unresolved reference: Vec3
e: file:///Users/aiw.robson/Documents/Projects/ElectricalAge2/src/main/kotlin/mods/eln/gridnode/GridSwitch.kt:35:5 Type mismatch: inferred type is ElectricalCableDescriptor? but ElectricalCableDescriptor was expected
e: file:///Users/aiw.robson/Documents/Projects/ElectricalAge2/src/main/kotlin/mods/eln/gridnode/GridSwitch.kt:43:61 Only safe (?.) or non-null asserted (!!.) calls are allowed on a nullable receiver of type ElectricalCableDescriptor?
e: file:///Users/aiw.robson/Documents/Projects/ElectricalAge2/src/main/kotlin/mods/eln/gridnode/GridSwitch.kt:54:24 Unresolved reference: Vec3
e: file:///Users/aiw.robson/Documents/Projects/ElectricalAge2/src/main/kotlin/mods/eln/gridnode/GridSwitch.kt:69:18 Not enough information to infer type variable V
e: file:///Users/aiw.robson/Documents/Projects/ElectricalAge2/src/main/kotlin/mods/eln/gridnode/GridSwitch.kt:70:37 Not enough information to infer type variable B
e: file:///Users/aiw.robson/Documents/Projects/ElectricalAge2/src/main/kotlin/mods/eln/gridnode/GridSwitch.kt:70:45 Unresolved reference: Vec3
e: file:///Users/aiw.robson/Documents/Projects/ElectricalAge2/src/main/kotlin/mods/eln/gridnode/GridSwitch.kt:71:41 Not enough information to infer type variable B
e: file:///Users/aiw.robson/Documents/Projects/ElectricalAge2/src/main/kotlin/mods/eln/gridnode/GridSwitch.kt:71:49 Unresolved reference: Vec3
e: file:///Users/aiw.robson/Documents/Projects/ElectricalAge2/src/main/kotlin/mods/eln/gridnode/GridSwitch.kt:72:37 Not enough information to infer type variable B
e: file:///Users/aiw.robson/Documents/Projects/ElectricalAge2/src/main/kotlin/mods/eln/gridnode/GridSwitch.kt:72:45 Unresolved reference: Vec3
e: file:///Users/aiw.robson/Documents/Projects/ElectricalAge2/src/main/kotlin/mods/eln/gridnode/GridSwitch.kt:73:37 Not enough information to infer type variable B
e: file:///Users/aiw.robson/Documents/Projects/ElectricalAge2/src/main/kotlin/mods/eln/gridnode/GridSwitch.kt:73:45 Unresolved reference: Vec3
e: file:///Users/aiw.robson/Documents/Projects/ElectricalAge2/src/main/kotlin/mods/eln/gridnode/GridSwitch.kt:74:42 Not enough information to infer type variable B
e: file:///Users/aiw.robson/Documents/Projects/ElectricalAge2/src/main/kotlin/mods/eln/gridnode/GridSwitch.kt:74:50 Unresolved reference: Vec3
e: file:///Users/aiw.robson/Documents/Projects/ElectricalAge2/src/main/kotlin/mods/eln/gridnode/GridSwitch.kt:75:42 Not enough information to infer type variable B
e: file:///Users/aiw.robson/Documents/Projects/ElectricalAge2/src/main/kotlin/mods/eln/gridnode/GridSwitch.kt:75:50 Unresolved reference: Vec3
e: file:///Users/aiw.robson/Documents/Projects/ElectricalAge2/src/main/kotlin/mods/eln/gridnode/GridSwitch.kt:76:32 Unresolved reference: key
e: file:///Users/aiw.robson/Documents/Projects/ElectricalAge2/src/main/kotlin/mods/eln/gridnode/GridSwitch.kt:111:16 Overload resolution ambiguity: 
public inline fun <T> Iterable<TypeVariable(T)>.forEach(action: (TypeVariable(T)) -> Unit): Unit defined in kotlin.collections
public inline fun <K, V> Map<out TypeVariable(K), TypeVariable(V)>.forEach(action: (Map.Entry<TypeVariable(K), TypeVariable(V)>) -> Unit): Unit defined in kotlin.collections
e: file:///Users/aiw.robson/Documents/Projects/ElectricalAge2/src/main/kotlin/mods/eln/gridnode/GridSwitch.kt:112:27 Unresolved reference: key
e: file:///Users/aiw.robson/Documents/Projects/ElectricalAge2/src/main/kotlin/mods/eln/gridnode/GridSwitch.kt:113:29 Unresolved reference: value
e: file:///Users/aiw.robson/Documents/Projects/ElectricalAge2/src/main/kotlin/mods/eln/gridnode/GridSwitch.kt:114:25 Unresolved reference: value
e: file:///Users/aiw.robson/Documents/Projects/ElectricalAge2/src/main/kotlin/mods/eln/gridnode/GridSwitch.kt:157:50 Only safe (?.) or non-null asserted (!!.) calls are allowed on a nullable receiver of type ElectricalCableDescriptor?
e: file:///Users/aiw.robson/Documents/Projects/ElectricalAge2/src/main/kotlin/mods/eln/gridnode/GridSwitch.kt:243:32 No value passed for parameter 'level'
e: file:///Users/aiw.robson/Documents/Projects/ElectricalAge2/src/main/kotlin/mods/eln/gridnode/GridSwitch.kt:249:34 No value passed for parameter 'level'
e: file:///Users/aiw.robson/Documents/Projects/ElectricalAge2/src/main/kotlin/mods/eln/gridnode/GridSwitch.kt:262:64 Unresolved reference: Vec3
e: file:///Users/aiw.robson/Documents/Projects/ElectricalAge2/src/main/kotlin/mods/eln/gridnode/GridSwitch.kt:271:46 Unresolved reference: addVector
e: file:///Users/aiw.robson/Documents/Projects/ElectricalAge2/src/main/kotlin/mods/eln/gridnode/GridSwitch.kt:275:16 Unresolved reference: Vec3
e: file:///Users/aiw.robson/Documents/Projects/ElectricalAge2/src/main/kotlin/mods/eln/gridnode/electricalpole/ElectricalPoleElement.kt:152:99 Only safe (?.) or non-null asserted (!!.) calls are allowed on a nullable receiver of type ElectricalCableDescriptor?
e: file:///Users/aiw.robson/Documents/Projects/ElectricalAge2/src/main/kotlin/mods/eln/gridnode/electricalpole/ElectricalPoleRender.kt:12:29 Unresolved reference: audio
e: file:///Users/aiw.robson/Documents/Projects/ElectricalAge2/src/main/kotlin/mods/eln/gridnode/electricalpole/ElectricalPoleRender.kt:13:27 Unresolved reference: Vec3
e: file:///Users/aiw.robson/Documents/Projects/ElectricalAge2/src/main/kotlin/mods/eln/gridnode/electricalpole/ElectricalPoleRender.kt:31:82 Unresolved reference: ISound
e: file:///Users/aiw.robson/Documents/Projects/ElectricalAge2/src/main/kotlin/mods/eln/gridnode/transformer/GridTransformerElement.kt:20:27 Unresolved reference: Vec3
e: file:///Users/aiw.robson/Documents/Projects/ElectricalAge2/src/main/kotlin/mods/eln/gridnode/transformer/GridTransformerElement.kt:99:65 Unresolved reference: Vec3
e: file:///Users/aiw.robson/Documents/Projects/ElectricalAge2/src/main/kotlin/mods/eln/gridnode/transformer/GridTransformerRender.kt:8:29 Unresolved reference: audio
e: file:///Users/aiw.robson/Documents/Projects/ElectricalAge2/src/main/kotlin/mods/eln/gridnode/transformer/GridTransformerRender.kt:16:78 Unresolved reference: ISound
e: file:///Users/aiw.robson/Documents/Projects/ElectricalAge2/src/main/kotlin/mods/eln/gui/GuiVerticalCustomValuesBar.kt:18:5 'getValue' overrides nothing
e: file:///Users/aiw.robson/Documents/Projects/ElectricalAge2/src/main/kotlin/mods/eln/gui/GuiVerticalCustomValuesBar.kt:18:57 Unresolved reference. None of the following candidates is applicable because of receiver type mismatch: 
public inline operator fun <T> Lazy<TypeVariable(T)>.getValue(thisRef: Any?, property: KProperty<*>): TypeVariable(T) defined in kotlin
public fun <K, V> Map<TypeVariable(K), TypeVariable(V)>.getValue(key: TypeVariable(K)): TypeVariable(V) defined in kotlin.collections
public inline operator fun <V, V1 : TypeVariable(V)> Map<in String, TypeVariable(V)>.getValue(thisRef: Any?, property: KProperty<*>): TypeVariable(V1) defined in kotlin.collections
public inline operator fun <V, V1 : TypeVariable(V)> MutableMap<in String, out TypeVariable(V)>.getValue(thisRef: Any?, property: KProperty<*>): TypeVariable(V1) defined in kotlin.collections
public inline operator fun <V> KProperty0<TypeVariable(V)>.getValue(thisRef: Any?, property: KProperty<*>): TypeVariable(V) defined in kotlin
public inline operator fun <T, V> KProperty1<TypeVariable(T), TypeVariable(V)>.getValue(thisRef: TypeVariable(T), property: KProperty<*>): TypeVariable(V) defined in kotlin
e: file:///Users/aiw.robson/Documents/Projects/ElectricalAge2/src/main/kotlin/mods/eln/gui/GuiVerticalCustomValuesBar.kt:20:5 'setValue' overrides nothing
e: file:///Users/aiw.robson/Documents/Projects/ElectricalAge2/src/main/kotlin/mods/eln/gui/GuiVerticalCustomValuesBar.kt:23:25 Unresolved reference. None of the following candidates is applicable because of receiver type mismatch: 
public inline operator fun <V> MutableMap<in String, in TypeVariable(V)>.setValue(thisRef: Any?, property: KProperty<*>, value: TypeVariable(V)): Unit defined in kotlin.collections
public inline operator fun <V> KMutableProperty0<TypeVariable(V)>.setValue(thisRef: Any?, property: KProperty<*>, value: TypeVariable(V)): Unit defined in kotlin
public inline operator fun <T, V> KMutableProperty1<TypeVariable(T), TypeVariable(V)>.setValue(thisRef: TypeVariable(T), property: KProperty<*>, value: TypeVariable(V)): Unit defined in kotlin
e: file:///Users/aiw.robson/Documents/Projects/ElectricalAge2/src/main/kotlin/mods/eln/gui/GuiVerticalCustomValuesBar.kt:24:27 Unresolved reference. None of the following candidates is applicable because of receiver type mismatch: 
public inline operator fun <V> MutableMap<in String, in TypeVariable(V)>.setValue(thisRef: Any?, property: KProperty<*>, value: TypeVariable(V)): Unit defined in kotlin.collections
public inline operator fun <V> KMutableProperty0<TypeVariable(V)>.setValue(thisRef: Any?, property: KProperty<*>, value: TypeVariable(V)): Unit defined in kotlin
public inline operator fun <T, V> KMutableProperty1<TypeVariable(T), TypeVariable(V)>.setValue(thisRef: TypeVariable(T), property: KProperty<*>, value: TypeVariable(V)): Unit defined in kotlin
e: file:///Users/aiw.robson/Documents/Projects/ElectricalAge2/src/main/kotlin/mods/eln/gui/HelperStdContainer.kt:3:67 Type mismatch: inferred type is IGuiObject but Screen? was expected
e: file:///Users/aiw.robson/Documents/Projects/ElectricalAge2/src/main/kotlin/mods/eln/gui/SlotWithSkinAndComment.kt:19:15 Unresolved reference: ISlotWithComment
e: file:///Users/aiw.robson/Documents/Projects/ElectricalAge2/src/main/kotlin/mods/eln/gui/SlotWithSkinAndComment.kt:24:5 'getComment' overrides nothing
e: file:///Users/aiw.robson/Documents/Projects/ElectricalAge2/src/main/kotlin/mods/eln/hardware/PacketSerial.kt:3:12 Unresolved reference: fazecast
e: file:///Users/aiw.robson/Documents/Projects/ElectricalAge2/src/main/kotlin/mods/eln/hardware/PacketSerial.kt:12:51 Unresolved reference: SerialPort
e: file:///Users/aiw.robson/Documents/Projects/ElectricalAge2/src/main/kotlin/mods/eln/hardware/PacketSerial.kt:21:20 Unresolved reference: SerialPort
e: file:///Users/aiw.robson/Documents/Projects/ElectricalAge2/src/main/kotlin/mods/eln/hardware/PacketSerial.kt:21:55 Unresolved reference: systemPortName
e: file:///Users/aiw.robson/Documents/Projects/ElectricalAge2/src/main/kotlin/mods/eln/hardware/PacketSerial.kt:46:20 Unresolved reference: SerialPort
e: file:///Users/aiw.robson/Documents/Projects/ElectricalAge2/src/main/kotlin/mods/eln/hardware/PacketSerial.kt:47:14 Variable expected
e: file:///Users/aiw.robson/Documents/Projects/ElectricalAge2/src/main/kotlin/mods/eln/init/Registration.kt:24:74 Variable 'TRANSPARENT_NODE_BLOCK_ENTITY' must be initialized
e: file:///Users/aiw.robson/Documents/Projects/ElectricalAge2/src/main/kotlin/mods/eln/item/BrushDescriptor.kt:10:22 Unresolved reference: item
e: file:///Users/aiw.robson/Documents/Projects/ElectricalAge2/src/main/kotlin/mods/eln/item/BrushDescriptor.kt:13:27 Unresolved reference: ResourceLocation
e: file:///Users/aiw.robson/Documents/Projects/ElectricalAge2/src/main/kotlin/mods/eln/item/BrushDescriptor.kt:20:25 Unresolved reference: ResourceLocation
e: file:///Users/aiw.robson/Documents/Projects/ElectricalAge2/src/main/kotlin/mods/eln/item/BrushDescriptor.kt:23:5 'getName' overrides nothing
e: file:///Users/aiw.robson/Documents/Projects/ElectricalAge2/src/main/kotlin/mods/eln/item/BrushDescriptor.kt:24:34 Unresolved reference: getMinecraft
e: file:///Users/aiw.robson/Documents/Projects/ElectricalAge2/src/main/kotlin/mods/eln/item/BrushDescriptor.kt:27:76 Unresolved reference: getName
e: file:///Users/aiw.robson/Documents/Projects/ElectricalAge2/src/main/kotlin/mods/eln/item/BrushDescriptor.kt:27:102 Unresolved reference: getName
e: file:///Users/aiw.robson/Documents/Projects/ElectricalAge2/src/main/kotlin/mods/eln/item/BrushDescriptor.kt:30:5 'setParent' in 'GenericItemUsingDamageDescriptor' is final and cannot be overridden
e: file:///Users/aiw.robson/Documents/Projects/ElectricalAge2/src/main/kotlin/mods/eln/item/BrushDescriptor.kt:30:34 Unresolved reference: Item
e: file:///Users/aiw.robson/Documents/Projects/ElectricalAge2/src/main/kotlin/mods/eln/item/BrushDescriptor.kt:35:44 Unresolved reference: itemDamage
e: file:///Users/aiw.robson/Documents/Projects/ElectricalAge2/src/main/kotlin/mods/eln/item/BrushDescriptor.kt:37:73 Unresolved reference: tagCompound
e: file:///Users/aiw.robson/Documents/Projects/ElectricalAge2/src/main/kotlin/mods/eln/item/BrushDescriptor.kt:40:15 Unresolved reference: tagCompound
e: file:///Users/aiw.robson/Documents/Projects/ElectricalAge2/src/main/kotlin/mods/eln/item/BrushDescriptor.kt:43:15 Unresolved reference: tagCompound
e: file:///Users/aiw.robson/Documents/Projects/ElectricalAge2/src/main/kotlin/mods/eln/item/BrushDescriptor.kt:46:5 'getDefaultNBT' overrides nothing
e: file:///Users/aiw.robson/Documents/Projects/ElectricalAge2/src/main/kotlin/mods/eln/item/BrushDescriptor.kt:48:13 Unresolved reference: setInteger
e: file:///Users/aiw.robson/Documents/Projects/ElectricalAge2/src/main/kotlin/mods/eln/item/BrushDescriptor.kt:56:38 Unresolved reference: getMinecraft
e: file:///Users/aiw.robson/Documents/Projects/ElectricalAge2/src/main/kotlin/mods/eln/item/BrushDescriptor.kt:57:22 Type mismatch: inferred type is String but Component was expected
e: file:///Users/aiw.robson/Documents/Projects/ElectricalAge2/src/main/kotlin/mods/eln/item/BrushDescriptor.kt:57:89 Unresolved reference: tagCompound
e: file:///Users/aiw.robson/Documents/Projects/ElectricalAge2/src/main/kotlin/mods/eln/item/BrushDescriptor.kt:63:37 Cannot access 'capabilities': it is invisible (private in a supertype) in 'Player'
e: file:///Users/aiw.robson/Documents/Projects/ElectricalAge2/src/main/kotlin/mods/eln/item/BrushDescriptor.kt:63:50 Unresolved reference: isCreativeMode
e: file:///Users/aiw.robson/Documents/Projects/ElectricalAge2/src/main/kotlin/mods/eln/item/BrushDescriptor.kt:64:26 Unresolved reference: tagCompound
e: file:///Users/aiw.robson/Documents/Projects/ElectricalAge2/src/main/kotlin/mods/eln/item/BrushDescriptor.kt:68:23 Unresolved reference: tagCompound
e: file:///Users/aiw.robson/Documents/Projects/ElectricalAge2/src/main/kotlin/mods/eln/item/BrushDescriptor.kt:100:34 Unresolved reference: ResourceLocation
e: file:///Users/aiw.robson/Documents/Projects/ElectricalAge2/src/main/kotlin/mods/eln/item/CaseItemDescriptor.kt:10:18 Type mismatch: inferred type is String but Component was expected
e: file:///Users/aiw.robson/Documents/Projects/ElectricalAge2/src/main/kotlin/mods/eln/item/ElectricalFuseDescriptor.kt:8:22 Unresolved reference: item
e: file:///Users/aiw.robson/Documents/Projects/ElectricalAge2/src/main/kotlin/mods/eln/item/ElectricalFuseDescriptor.kt:10:34 Unresolved reference: IItemRenderer
e: file:///Users/aiw.robson/Documents/Projects/ElectricalAge2/src/main/kotlin/mods/eln/item/ElectricalFuseDescriptor.kt:27:13 Unresolved reference: voltageLevelColor
e: file:///Users/aiw.robson/Documents/Projects/ElectricalAge2/src/main/kotlin/mods/eln/item/ElectricalFuseDescriptor.kt:30:13 Unresolved reference: voltageLevelColor
e: file:///Users/aiw.robson/Documents/Projects/ElectricalAge2/src/main/kotlin/mods/eln/item/ElectricalFuseDescriptor.kt:34:5 'shouldUseRenderHelper' overrides nothing
e: file:///Users/aiw.robson/Documents/Projects/ElectricalAge2/src/main/kotlin/mods/eln/item/ElectricalFuseDescriptor.kt:34:46 Unresolved reference: IItemRenderer
e: file:///Users/aiw.robson/Documents/Projects/ElectricalAge2/src/main/kotlin/mods/eln/item/ElectricalFuseDescriptor.kt:35:48 Unresolved reference: IItemRenderer
e: file:///Users/aiw.robson/Documents/Projects/ElectricalAge2/src/main/kotlin/mods/eln/item/ElectricalFuseDescriptor.kt:35:93 Unresolved reference: IItemRenderer
e: file:///Users/aiw.robson/Documents/Projects/ElectricalAge2/src/main/kotlin/mods/eln/item/ElectricalFuseDescriptor.kt:37:5 'renderItem' overrides nothing
e: file:///Users/aiw.robson/Documents/Projects/ElectricalAge2/src/main/kotlin/mods/eln/item/ElectricalFuseDescriptor.kt:37:35 Unresolved reference: IItemRenderer
e: file:///Users/aiw.robson/Documents/Projects/ElectricalAge2/src/main/kotlin/mods/eln/item/ElectricalFuseDescriptor.kt:39:13 Unresolved reference: IItemRenderer
e: file:///Users/aiw.robson/Documents/Projects/ElectricalAge2/src/main/kotlin/mods/eln/item/ElectricalFuseDescriptor.kt:39:61 Unresolved reference: renderItem
e: file:///Users/aiw.robson/Documents/Projects/ElectricalAge2/src/main/kotlin/mods/eln/item/ElectricalFuseDescriptor.kt:46:25 Unresolved reference: voltageLevelColor
e: file:///Users/aiw.robson/Documents/Projects/ElectricalAge2/src/main/kotlin/mods/eln/item/ElectricalFuseDescriptor.kt:59:34 Unresolved reference: Item
e: file:///Users/aiw.robson/Documents/Projects/ElectricalAge2/src/main/kotlin/mods/eln/item/FuelBurnerDescriptor.kt:3:25 Unresolved reference: GenericItemUsingDamage
e: file:///Users/aiw.robson/Documents/Projects/ElectricalAge2/src/main/kotlin/mods/eln/item/FuelBurnerDescriptor.kt:19:34 Unresolved reference: GenericItemUsingDamage
e: file:///Users/aiw.robson/Documents/Projects/ElectricalAge2/src/main/kotlin/mods/eln/item/FuelBurnerDescriptor.kt:28:18 Type mismatch: inferred type is String but Component was expected
e: file:///Users/aiw.robson/Documents/Projects/ElectricalAge2/src/main/kotlin/mods/eln/item/FuelBurnerDescriptor.kt:29:18 Type mismatch: inferred type is String but Component was expected
e: file:///Users/aiw.robson/Documents/Projects/ElectricalAge2/src/main/kotlin/mods/eln/item/GenericItemUsingDamageDescriptorResource.kt:8:5 'setParent' overrides nothing
e: file:///Users/aiw.robson/Documents/Projects/ElectricalAge2/src/main/kotlin/mods/eln/item/GenericItemUsingDamageDescriptorUpgrade.kt:5:22 Unresolved reference: item
e: file:///Users/aiw.robson/Documents/Projects/ElectricalAge2/src/main/kotlin/mods/eln/item/GenericItemUsingDamageDescriptorUpgrade.kt:11:5 'setParent' in 'GenericItemUsingDamageDescriptor' is final and cannot be overridden
e: file:///Users/aiw.robson/Documents/Projects/ElectricalAge2/src/main/kotlin/mods/eln/item/GenericItemUsingDamageDescriptorUpgrade.kt:11:34 Unresolved reference: Item
e: file:///Users/aiw.robson/Documents/Projects/ElectricalAge2/src/main/kotlin/mods/eln/item/GenericItemUsingDamageDescriptorUpgrade.kt:13:14 Unresolved reference: addUpgrade
e: file:///Users/aiw.robson/Documents/Projects/ElectricalAge2/src/main/kotlin/mods/eln/item/HeatingCorpElement.kt:3:25 Unresolved reference: GenericItemUsingDamageDescriptorUpgrade
e: file:///Users/aiw.robson/Documents/Projects/ElectricalAge2/src/main/kotlin/mods/eln/item/LampDescriptor.kt:12:22 Unresolved reference: item
e: file:///Users/aiw.robson/Documents/Projects/ElectricalAge2/src/main/kotlin/mods/eln/item/LampDescriptor.kt:42:34 Unresolved reference: Item
e: file:///Users/aiw.robson/Documents/Projects/ElectricalAge2/src/main/kotlin/mods/eln/item/LampDescriptor.kt:51:20 Unresolved reference: hasTagCompound
e: file:///Users/aiw.robson/Documents/Projects/ElectricalAge2/src/main/kotlin/mods/eln/item/LampDescriptor.kt:51:44 Unresolved reference: tagCompound
e: file:///Users/aiw.robson/Documents/Projects/ElectricalAge2/src/main/kotlin/mods/eln/item/LampDescriptor.kt:52:26 Unresolved reference: tagCompound
e: file:///Users/aiw.robson/Documents/Projects/ElectricalAge2/src/main/kotlin/mods/eln/item/LampDescriptor.kt:52:60 Unresolved reference: tagCompound
e: file:///Users/aiw.robson/Documents/Projects/ElectricalAge2/src/main/kotlin/mods/eln/item/LampDescriptor.kt:58:20 Unresolved reference: hasTagCompound
e: file:///Users/aiw.robson/Documents/Projects/ElectricalAge2/src/main/kotlin/mods/eln/item/LampDescriptor.kt:58:44 Unresolved reference: tagCompound
e: file:///Users/aiw.robson/Documents/Projects/ElectricalAge2/src/main/kotlin/mods/eln/item/LampDescriptor.kt:59:15 Unresolved reference: tagCompound
e: file:///Users/aiw.robson/Documents/Projects/ElectricalAge2/src/main/kotlin/mods/eln/item/LampDescriptor.kt:62:5 'getDefaultNBT' overrides nothing
e: file:///Users/aiw.robson/Documents/Projects/ElectricalAge2/src/main/kotlin/mods/eln/item/LampDescriptor.kt:64:13 Unresolved reference: setDouble
e: file:///Users/aiw.robson/Documents/Projects/ElectricalAge2/src/main/kotlin/mods/eln/item/LampDescriptor.kt:68:5 'newItemStack' in 'GenericItemUsingDamageDescriptorUpgrade' is final and cannot be overridden
e: file:///Users/aiw.robson/Documents/Projects/ElectricalAge2/src/main/kotlin/mods/eln/item/LampDescriptor.kt:78:18 Type mismatch: inferred type is String but Component was expected
e: file:///Users/aiw.robson/Documents/Projects/ElectricalAge2/src/main/kotlin/mods/eln/item/LampDescriptor.kt:79:18 Type mismatch: inferred type is String but Component was expected
e: file:///Users/aiw.robson/Documents/Projects/ElectricalAge2/src/main/kotlin/mods/eln/item/LampDescriptor.kt:80:18 Type mismatch: inferred type is String but Component was expected
e: file:///Users/aiw.robson/Documents/Projects/ElectricalAge2/src/main/kotlin/mods/eln/item/LampDescriptor.kt:81:18 Type mismatch: inferred type is String but Component was expected
e: file:///Users/aiw.robson/Documents/Projects/ElectricalAge2/src/main/kotlin/mods/eln/item/LampDescriptor.kt:82:18 Type mismatch: inferred type is String but Component was expected
e: file:///Users/aiw.robson/Documents/Projects/ElectricalAge2/src/main/kotlin/mods/eln/item/LampDescriptor.kt:84:28 Unresolved reference: hasTagCompound
e: file:///Users/aiw.robson/Documents/Projects/ElectricalAge2/src/main/kotlin/mods/eln/item/LampDescriptor.kt:84:59 Unresolved reference: tagCompound
e: file:///Users/aiw.robson/Documents/Projects/ElectricalAge2/src/main/kotlin/mods/eln/item/LampDescriptor.kt:85:26 Type mismatch: inferred type is String but Component was expected
e: file:///Users/aiw.robson/Documents/Projects/ElectricalAge2/src/main/kotlin/mods/eln/item/LampDescriptor.kt:87:26 Type mismatch: inferred type is String but Component was expected
e: file:///Users/aiw.robson/Documents/Projects/ElectricalAge2/src/main/kotlin/mods/eln/item/LampDescriptor.kt:89:26 Type mismatch: inferred type is String but Component was expected
e: file:///Users/aiw.robson/Documents/Projects/ElectricalAge2/src/main/kotlin/mods/eln/item/LampDescriptor.kt:91:26 Type mismatch: inferred type is String but Component was expected
e: file:///Users/aiw.robson/Documents/Projects/ElectricalAge2/src/main/kotlin/mods/eln/item/LampDescriptor.kt:93:26 Type mismatch: inferred type is String but Component was expected
e: file:///Users/aiw.robson/Documents/Projects/ElectricalAge2/src/main/kotlin/mods/eln/item/LampDescriptor.kt:96:26 Type mismatch: inferred type is String but Component was expected
e: file:///Users/aiw.robson/Documents/Projects/ElectricalAge2/src/main/kotlin/mods/eln/item/LampDescriptor.kt:130:9 Unresolved reference: voltageLevelColor
e: file:///Users/aiw.robson/Documents/Projects/ElectricalAge2/src/main/kotlin/mods/eln/item/RegulatorSlot.kt:17:5 This type is final, so it cannot be inherited from
e: file:///Users/aiw.robson/Documents/Projects/ElectricalAge2/src/main/kotlin/mods/eln/item/RegulatorSlot.kt:29:47 Unresolved reference: getDescriptor
e: file:///Users/aiw.robson/Documents/Projects/ElectricalAge2/src/main/kotlin/mods/eln/item/RegulatorSlot.kt:30:44 Unresolved reference: type
e: file:///Users/aiw.robson/Documents/Projects/ElectricalAge2/src/main/kotlin/mods/eln/item/ThermalIsolatorElement.kt:12:18 Type mismatch: inferred type is String but Component was expected
e: file:///Users/aiw.robson/Documents/Projects/ElectricalAge2/src/main/kotlin/mods/eln/item/ThermalIsolatorElement.kt:13:18 Type mismatch: inferred type is String but Component was expected
e: file:///Users/aiw.robson/Documents/Projects/ElectricalAge2/src/main/kotlin/mods/eln/item/ThermalIsolatorElement.kt:14:18 Type mismatch: inferred type is String but Component was expected
e: file:///Users/aiw.robson/Documents/Projects/ElectricalAge2/src/main/kotlin/mods/eln/item/ThermalIsolatorElement.kt:15:18 Type mismatch: inferred type is String but Component was expected
e: file:///Users/aiw.robson/Documents/Projects/ElectricalAge2/src/main/kotlin/mods/eln/item/electricalitem/BatteryItem.kt:21:1 Class 'BatteryItem' is not abstract and does not implement abstract member public abstract fun getMaxEnergy(stack: ItemStack): Double defined in mods.eln.item.electricalinterface.IItemEnergyBattery
e: file:///Users/aiw.robson/Documents/Projects/ElectricalAge2/src/main/kotlin/mods/eln/item/electricalitem/BatteryItem.kt:23:5 'setParent' overrides nothing
e: file:///Users/aiw.robson/Documents/Projects/ElectricalAge2/src/main/kotlin/mods/eln/item/electricalitem/BatteryItem.kt:25:14 Unresolved reference: addPortable
e: file:///Users/aiw.robson/Documents/Projects/ElectricalAge2/src/main/kotlin/mods/eln/item/electricalitem/BatteryItem.kt:28:5 'getDefaultNBT' overrides nothing
e: file:///Users/aiw.robson/Documents/Projects/ElectricalAge2/src/main/kotlin/mods/eln/item/electricalitem/BatteryItem.kt:51:5 'getEnergyMax' overrides nothing
e: file:///Users/aiw.robson/Documents/Projects/ElectricalAge2/src/main/kotlin/mods/eln/item/electricalitem/BatteryItem.kt:55:5 'getChargePower' overrides nothing
e: file:///Users/aiw.robson/Documents/Projects/ElectricalAge2/src/main/kotlin/mods/eln/item/electricalitem/BatteryItem.kt:59:5 'getDischagePower' overrides nothing
e: file:///Users/aiw.robson/Documents/Projects/ElectricalAge2/src/main/kotlin/mods/eln/item/electricalitem/BatteryItem.kt:63:5 'getPriority' overrides nothing
e: file:///Users/aiw.robson/Documents/Projects/ElectricalAge2/src/main/kotlin/mods/eln/item/electricalitem/BatteryItem.kt:67:5 'electricalItemUpdate' overrides nothing
e: file:///Users/aiw.robson/Documents/Projects/ElectricalAge2/src/main/kotlin/mods/eln/item/electricalitem/ElectricalArmor.kt:12:27 Unresolved reference: DamageSource
e: file:///Users/aiw.robson/Documents/Projects/ElectricalAge2/src/main/kotlin/mods/eln/item/electricalitem/ElectricalArmor.kt:13:34 Unresolved reference: ISpecialArmor
e: file:///Users/aiw.robson/Documents/Projects/ElectricalAge2/src/main/kotlin/mods/eln/item/electricalitem/ElectricalArmor.kt:14:34 Unresolved reference: ISpecialArmor
e: file:///Users/aiw.robson/Documents/Projects/ElectricalAge2/src/main/kotlin/mods/eln/item/electricalitem/ElectricalArmor.kt:16:1 Class 'ElectricalArmor' is not abstract and does not implement abstract member public abstract fun getMaxEnergy(stack: ItemStack): Double defined in mods.eln.item.electricalinterface.IItemEnergyBattery
e: file:///Users/aiw.robson/Documents/Projects/ElectricalAge2/src/main/kotlin/mods/eln/item/electricalitem/ElectricalArmor.kt:17:28 Unresolved reference: ArmorMaterial
e: file:///Users/aiw.robson/Documents/Projects/ElectricalAge2/src/main/kotlin/mods/eln/item/electricalitem/ElectricalArmor.kt:27:9 This type is final, so it cannot be inherited from
e: file:///Users/aiw.robson/Documents/Projects/ElectricalAge2/src/main/kotlin/mods/eln/item/electricalitem/ElectricalArmor.kt:27:55 Type mismatch: inferred type is genericArmorItem.ArmourType? but genericArmorItem.ArmourType was expected
e: file:///Users/aiw.robson/Documents/Projects/ElectricalAge2/src/main/kotlin/mods/eln/item/electricalitem/ElectricalArmor.kt:27:61 Type mismatch: inferred type is String? but String was expected
e: file:///Users/aiw.robson/Documents/Projects/ElectricalAge2/src/main/kotlin/mods/eln/item/electricalitem/ElectricalArmor.kt:27:65 Type mismatch: inferred type is String? but String was expected
e: file:///Users/aiw.robson/Documents/Projects/ElectricalAge2/src/main/kotlin/mods/eln/item/electricalitem/ElectricalArmor.kt:27:90 Unresolved reference: ISpecialArmor
e: file:///Users/aiw.robson/Documents/Projects/ElectricalAge2/src/main/kotlin/mods/eln/item/electricalitem/ElectricalArmor.kt:30:5 'getProperties' overrides nothing
e: file:///Users/aiw.robson/Documents/Projects/ElectricalAge2/src/main/kotlin/mods/eln/item/electricalitem/ElectricalArmor.kt:30:80 Unresolved reference: DamageSource
e: file:///Users/aiw.robson/Documents/Projects/ElectricalAge2/src/main/kotlin/mods/eln/item/electricalitem/ElectricalArmor.kt:30:122 Unresolved reference: ArmorProperties
e: file:///Users/aiw.robson/Documents/Projects/ElectricalAge2/src/main/kotlin/mods/eln/item/electricalitem/ElectricalArmor.kt:31:16 Unresolved reference: ArmorProperties
e: file:///Users/aiw.robson/Documents/Projects/ElectricalAge2/src/main/kotlin/mods/eln/item/electricalitem/ElectricalArmor.kt:34:5 'getArmorDisplay' overrides nothing
e: file:///Users/aiw.robson/Documents/Projects/ElectricalAge2/src/main/kotlin/mods/eln/item/electricalitem/ElectricalArmor.kt:38:5 'damageArmor' overrides nothing
e: file:///Users/aiw.robson/Documents/Projects/ElectricalAge2/src/main/kotlin/mods/eln/item/electricalitem/ElectricalArmor.kt:38:78 Unresolved reference: DamageSource
e: file:///Users/aiw.robson/Documents/Projects/ElectricalAge2/src/main/kotlin/mods/eln/item/electricalitem/ElectricalArmor.kt:45:5 'getIsRepairable' overrides nothing
e: file:///Users/aiw.robson/Documents/Projects/ElectricalAge2/src/main/kotlin/mods/eln/item/electricalitem/ElectricalArmor.kt:49:5 'hasColor' overrides nothing
e: file:///Users/aiw.robson/Documents/Projects/ElectricalAge2/src/main/kotlin/mods/eln/item/electricalitem/ElectricalArmor.kt:56:17 Unresolved reference: setDouble
e: file:///Users/aiw.robson/Documents/Projects/ElectricalAge2/src/main/kotlin/mods/eln/item/electricalitem/ElectricalArmor.kt:57:17 Unresolved reference: setBoolean
e: file:///Users/aiw.robson/Documents/Projects/ElectricalAge2/src/main/kotlin/mods/eln/item/electricalitem/ElectricalArmor.kt:58:17 Unresolved reference: setInteger
e: file:///Users/aiw.robson/Documents/Projects/ElectricalAge2/src/main/kotlin/mods/eln/item/electricalitem/ElectricalArmor.kt:63:25 Unresolved reference: tagCompound
e: file:///Users/aiw.robson/Documents/Projects/ElectricalAge2/src/main/kotlin/mods/eln/item/electricalitem/ElectricalArmor.kt:65:19 Unresolved reference: tagCompound
e: file:///Users/aiw.robson/Documents/Projects/ElectricalAge2/src/main/kotlin/mods/eln/item/electricalitem/ElectricalArmor.kt:75:25 Unresolved reference: setBoolean
e: file:///Users/aiw.robson/Documents/Projects/ElectricalAge2/src/main/kotlin/mods/eln/item/electricalitem/ElectricalArmor.kt:80:18 Type mismatch: inferred type is String but Component was expected
e: file:///Users/aiw.robson/Documents/Projects/ElectricalAge2/src/main/kotlin/mods/eln/item/electricalitem/ElectricalArmor.kt:81:18 Type mismatch: inferred type is String but Component was expected
e: file:///Users/aiw.robson/Documents/Projects/ElectricalAge2/src/main/kotlin/mods/eln/item/electricalitem/ElectricalArmor.kt:91:25 Unresolved reference: setDouble
e: file:///Users/aiw.robson/Documents/Projects/ElectricalAge2/src/main/kotlin/mods/eln/item/electricalitem/ElectricalArmor.kt:94:5 'getEnergyMax' overrides nothing
e: file:///Users/aiw.robson/Documents/Projects/ElectricalAge2/src/main/kotlin/mods/eln/item/electricalitem/ElectricalArmor.kt:98:5 'getChargePower' overrides nothing
e: file:///Users/aiw.robson/Documents/Projects/ElectricalAge2/src/main/kotlin/mods/eln/item/electricalitem/ElectricalArmor.kt:102:5 'getDischagePower' overrides nothing
e: file:///Users/aiw.robson/Documents/Projects/ElectricalAge2/src/main/kotlin/mods/eln/item/electricalitem/ElectricalArmor.kt:106:5 'getPriority' overrides nothing
e: file:///Users/aiw.robson/Documents/Projects/ElectricalAge2/src/main/kotlin/mods/eln/item/electricalitem/ElectricalArmor.kt:110:5 'electricalItemUpdate' overrides nothing
e: file:///Users/aiw.robson/Documents/Projects/ElectricalAge2/src/main/kotlin/mods/eln/item/electricalitem/ElectricalArmor.kt:112:5 'getItemEnchantability' overrides nothing
e: file:///Users/aiw.robson/Documents/Projects/ElectricalAge2/src/main/kotlin/mods/eln/item/electricalitem/ElectricalArmor.kt:118:14 Unresolved reference: addPortable
e: file:///Users/aiw.robson/Documents/Projects/ElectricalAge2/src/main/kotlin/mods/eln/item/electricalitem/ElectricalAxe.kt:8:22 Unresolved reference: block
e: file:///Users/aiw.robson/Documents/Projects/ElectricalAge2/src/main/kotlin/mods/eln/item/electricalitem/ElectricalAxe.kt:11:22 Unresolved reference: item
e: file:///Users/aiw.robson/Documents/Projects/ElectricalAge2/src/main/kotlin/mods/eln/item/electricalitem/ElectricalAxe.kt:13:27 Unresolved reference: ChunkCoordinates
e: file:///Users/aiw.robson/Documents/Projects/ElectricalAge2/src/main/kotlin/mods/eln/item/electricalitem/ElectricalAxe.kt:19:1 Class 'ElectricalAxe' is not abstract and does not implement abstract base class member public abstract fun getMaxEnergy(stack: ItemStack): Double defined in mods.eln.item.electricalitem.ElectricalTool
e: file:///Users/aiw.robson/Documents/Projects/ElectricalAge2/src/main/kotlin/mods/eln/item/electricalitem/ElectricalAxe.kt:23:5 'setParent' in 'ElectricalTool' is final and cannot be overridden
e: file:///Users/aiw.robson/Documents/Projects/ElectricalAge2/src/main/kotlin/mods/eln/item/electricalitem/ElectricalAxe.kt:23:34 Unresolved reference: Item
e: file:///Users/aiw.robson/Documents/Projects/ElectricalAge2/src/main/kotlin/mods/eln/item/electricalitem/ElectricalAxe.kt:25:14 Unresolved reference: addPortable
e: file:///Users/aiw.robson/Documents/Projects/ElectricalAge2/src/main/kotlin/mods/eln/item/electricalitem/ElectricalAxe.kt:30:18 Type mismatch: inferred type is String but Component was expected
e: file:///Users/aiw.robson/Documents/Projects/ElectricalAge2/src/main/kotlin/mods/eln/item/electricalitem/ElectricalAxe.kt:33:5 'getStrVsBlock' overrides nothing
e: file:///Users/aiw.robson/Documents/Projects/ElectricalAge2/src/main/kotlin/mods/eln/item/electricalitem/ElectricalAxe.kt:35:37 Unresolved reference: material
e: file:///Users/aiw.robson/Documents/Projects/ElectricalAge2/src/main/kotlin/mods/eln/item/electricalitem/ElectricalAxe.kt:35:50 Unresolved reference: Material
e: file:///Users/aiw.robson/Documents/Projects/ElectricalAge2/src/main/kotlin/mods/eln/item/electricalitem/ElectricalAxe.kt:35:73 Unresolved reference: material
e: file:///Users/aiw.robson/Documents/Projects/ElectricalAge2/src/main/kotlin/mods/eln/item/electricalitem/ElectricalAxe.kt:35:86 Unresolved reference: Material
e: file:///Users/aiw.robson/Documents/Projects/ElectricalAge2/src/main/kotlin/mods/eln/item/electricalitem/ElectricalAxe.kt:35:111 Unresolved reference: material
e: file:///Users/aiw.robson/Documents/Projects/ElectricalAge2/src/main/kotlin/mods/eln/item/electricalitem/ElectricalAxe.kt:35:124 Unresolved reference: Material
e: file:///Users/aiw.robson/Documents/Projects/ElectricalAge2/src/main/kotlin/mods/eln/item/electricalitem/ElectricalAxe.kt:36:27 Unresolved reference: getStrVsBlock
e: file:///Users/aiw.robson/Documents/Projects/ElectricalAge2/src/main/kotlin/mods/eln/item/electricalitem/ElectricalAxe.kt:40:5 'onItemRightClick' overrides nothing
e: file:///Users/aiw.robson/Documents/Projects/ElectricalAge2/src/main/kotlin/mods/eln/item/electricalitem/ElectricalAxe.kt:40:52 Unresolved reference: World
e: file:///Users/aiw.robson/Documents/Projects/ElectricalAge2/src/main/kotlin/mods/eln/item/electricalitem/ElectricalAxe.kt:48:19 Unresolved reference: getNbt
e: file:///Users/aiw.robson/Documents/Projects/ElectricalAge2/src/main/kotlin/mods/eln/item/electricalitem/ElectricalAxe.kt:56:9 Unresolved reference: getNbt
e: file:///Users/aiw.robson/Documents/Projects/ElectricalAge2/src/main/kotlin/mods/eln/item/electricalitem/ElectricalAxe.kt:62:5 'onBlockDestroyed' overrides nothing
e: file:///Users/aiw.robson/Documents/Projects/ElectricalAge2/src/main/kotlin/mods/eln/item/electricalitem/ElectricalAxe.kt:62:56 Unresolved reference: World
e: file:///Users/aiw.robson/Documents/Projects/ElectricalAge2/src/main/kotlin/mods/eln/item/electricalitem/ElectricalAxe.kt:70:30 Unresolved reference: ChunkCoordinates
e: file:///Users/aiw.robson/Documents/Projects/ElectricalAge2/src/main/kotlin/mods/eln/item/electricalitem/ElectricalAxe.kt:74:19 Unresolved reference: onBlockDestroyed
e: file:///Users/aiw.robson/Documents/Projects/ElectricalAge2/src/main/kotlin/mods/eln/item/electricalitem/ElectricalAxe.kt:142:32 Unresolved reference: World
e: file:///Users/aiw.robson/Documents/Projects/ElectricalAge2/src/main/kotlin/mods/eln/item/electricalitem/ElectricalAxe.kt:142:89 Unresolved reference: ChunkCoordinates
e: file:///Users/aiw.robson/Documents/Projects/ElectricalAge2/src/main/kotlin/mods/eln/item/electricalitem/ElectricalAxe.kt:183:28 Unresolved reference: World
e: file:///Users/aiw.robson/Documents/Projects/ElectricalAge2/src/main/kotlin/mods/eln/item/electricalitem/ElectricalAxe.kt:195:29 Unresolved reference: ChunkCoordinates
e: file:///Users/aiw.robson/Documents/Projects/ElectricalAge2/src/main/kotlin/mods/eln/item/electricalitem/ElectricalAxe.kt:219:49 Unresolved reference: ChunkCoordinates
e: file:///Users/aiw.robson/Documents/Projects/ElectricalAge2/src/main/kotlin/mods/eln/item/electricalitem/ElectricalAxe.kt:300:32 Unresolved reference: ChunkCoordinates
e: file:///Users/aiw.robson/Documents/Projects/ElectricalAge2/src/main/kotlin/mods/eln/item/electricalitem/ElectricalAxe.kt:300:56 Unresolved reference: ChunkCoordinates
e: file:///Users/aiw.robson/Documents/Projects/ElectricalAge2/src/main/kotlin/mods/eln/item/electricalitem/ElectricalAxe.kt:301:36 Unresolved reference: ChunkCoordinates
e: file:///Users/aiw.robson/Documents/Projects/ElectricalAge2/src/main/kotlin/mods/eln/item/electricalitem/ElectricalAxe.kt:311:36 Unresolved reference: ChunkCoordinates
e: file:///Users/aiw.robson/Documents/Projects/ElectricalAge2/src/main/kotlin/mods/eln/item/electricalitem/ElectricalAxe.kt:335:30 Unresolved reference: ChunkCoordinates
e: file:///Users/aiw.robson/Documents/Projects/ElectricalAge2/src/main/kotlin/mods/eln/item/electricalitem/ElectricalAxe.kt:356:29 Overload resolution ambiguity: 
public final operator fun times(other: Byte): Int defined in kotlin.Int
public final operator fun times(other: Double): Double defined in kotlin.Int
public final operator fun times(other: Float): Float defined in kotlin.Int
public final operator fun times(other: Int): Int defined in kotlin.Int
public final operator fun times(other: Long): Long defined in kotlin.Int
public final operator fun times(other: Short): Int defined in kotlin.Int
e: file:///Users/aiw.robson/Documents/Projects/ElectricalAge2/src/main/kotlin/mods/eln/item/electricalitem/ElectricalAxe.kt:365:93 Unresolved reference: World
e: file:///Users/aiw.robson/Documents/Projects/ElectricalAge2/src/main/kotlin/mods/eln/item/electricalitem/ElectricalAxe.kt:376:25 Cannot access 'capabilities': it is invisible (private in a supertype) in 'Player'
e: file:///Users/aiw.robson/Documents/Projects/ElectricalAge2/src/main/kotlin/mods/eln/item/electricalitem/ElectricalAxe.kt:376:38 Unresolved reference: isCreativeMode
e: file:///Users/aiw.robson/Documents/Projects/ElectricalAge2/src/main/kotlin/mods/eln/item/electricalitem/ElectricalLampItem.kt:25:1 Class 'ElectricalLampItem' is not abstract and does not implement abstract member public abstract fun getMaxEnergy(stack: ItemStack): Double defined in mods.eln.item.electricalinterface.IItemEnergyBattery
e: file:///Users/aiw.robson/Documents/Projects/ElectricalAge2/src/main/kotlin/mods/eln/item/electricalitem/ElectricalLampItem.kt:35:5 'setParent' overrides nothing
e: file:///Users/aiw.robson/Documents/Projects/ElectricalAge2/src/main/kotlin/mods/eln/item/electricalitem/ElectricalLampItem.kt:37:14 Unresolved reference: addPortable
e: file:///Users/aiw.robson/Documents/Projects/ElectricalAge2/src/main/kotlin/mods/eln/item/electricalitem/ElectricalLampItem.kt:62:5 'getDefaultNBT' overrides nothing
e: file:///Users/aiw.robson/Documents/Projects/ElectricalAge2/src/main/kotlin/mods/eln/item/electricalitem/ElectricalLampItem.kt:82:5 'use' overrides nothing
e: file:///Users/aiw.robson/Documents/Projects/ElectricalAge2/src/main/kotlin/mods/eln/item/electricalitem/ElectricalLampItem.kt:130:5 'getEnergyMax' overrides nothing
e: file:///Users/aiw.robson/Documents/Projects/ElectricalAge2/src/main/kotlin/mods/eln/item/electricalitem/ElectricalLampItem.kt:134:5 'getChargePower' overrides nothing
e: file:///Users/aiw.robson/Documents/Projects/ElectricalAge2/src/main/kotlin/mods/eln/item/electricalitem/ElectricalLampItem.kt:138:5 'getDischagePower' overrides nothing
e: file:///Users/aiw.robson/Documents/Projects/ElectricalAge2/src/main/kotlin/mods/eln/item/electricalitem/ElectricalLampItem.kt:142:5 'getPriority' overrides nothing
e: file:///Users/aiw.robson/Documents/Projects/ElectricalAge2/src/main/kotlin/mods/eln/item/electricalitem/ElectricalLampItem.kt:146:5 'electricalItemUpdate' overrides nothing
e: file:///Users/aiw.robson/Documents/Projects/ElectricalAge2/src/main/kotlin/mods/eln/item/electricalitem/ElectricalPickaxe.kt:8:22 Unresolved reference: block
e: file:///Users/aiw.robson/Documents/Projects/ElectricalAge2/src/main/kotlin/mods/eln/item/electricalitem/ElectricalPickaxe.kt:11:22 Unresolved reference: item
e: file:///Users/aiw.robson/Documents/Projects/ElectricalAge2/src/main/kotlin/mods/eln/item/electricalitem/ElectricalPickaxe.kt:15:1 Class 'ElectricalPickaxe' is not abstract and does not implement abstract base class member public abstract fun getMaxEnergy(stack: ItemStack): Double defined in mods.eln.item.electricalitem.ElectricalTool
e: file:///Users/aiw.robson/Documents/Projects/ElectricalAge2/src/main/kotlin/mods/eln/item/electricalitem/ElectricalPickaxe.kt:20:18 Type mismatch: inferred type is String but Component was expected
e: file:///Users/aiw.robson/Documents/Projects/ElectricalAge2/src/main/kotlin/mods/eln/item/electricalitem/ElectricalPickaxe.kt:23:5 'setParent' in 'ElectricalTool' is final and cannot be overridden
e: file:///Users/aiw.robson/Documents/Projects/ElectricalAge2/src/main/kotlin/mods/eln/item/electricalitem/ElectricalPickaxe.kt:23:34 Unresolved reference: Item
e: file:///Users/aiw.robson/Documents/Projects/ElectricalAge2/src/main/kotlin/mods/eln/item/electricalitem/ElectricalPickaxe.kt:25:14 Unresolved reference: addPortable
e: file:///Users/aiw.robson/Documents/Projects/ElectricalAge2/src/main/kotlin/mods/eln/item/electricalitem/ElectricalPickaxe.kt:28:5 'getStrVsBlock' overrides nothing
e: file:///Users/aiw.robson/Documents/Projects/ElectricalAge2/src/main/kotlin/mods/eln/item/electricalitem/ElectricalPickaxe.kt:30:37 Unresolved reference: material
e: file:///Users/aiw.robson/Documents/Projects/ElectricalAge2/src/main/kotlin/mods/eln/item/electricalitem/ElectricalPickaxe.kt:30:50 Unresolved reference: Material
e: file:///Users/aiw.robson/Documents/Projects/ElectricalAge2/src/main/kotlin/mods/eln/item/electricalitem/ElectricalPickaxe.kt:30:73 Unresolved reference: material
e: file:///Users/aiw.robson/Documents/Projects/ElectricalAge2/src/main/kotlin/mods/eln/item/electricalitem/ElectricalPickaxe.kt:30:86 Unresolved reference: Material
e: file:///Users/aiw.robson/Documents/Projects/ElectricalAge2/src/main/kotlin/mods/eln/item/electricalitem/ElectricalPickaxe.kt:30:110 Unresolved reference: material
e: file:///Users/aiw.robson/Documents/Projects/ElectricalAge2/src/main/kotlin/mods/eln/item/electricalitem/ElectricalPickaxe.kt:30:123 Unresolved reference: Material
e: file:///Users/aiw.robson/Documents/Projects/ElectricalAge2/src/main/kotlin/mods/eln/item/electricalitem/ElectricalPickaxe.kt:30:147 Unresolved reference: material
e: file:///Users/aiw.robson/Documents/Projects/ElectricalAge2/src/main/kotlin/mods/eln/item/electricalitem/ElectricalPickaxe.kt:30:160 Unresolved reference: Material
e: file:///Users/aiw.robson/Documents/Projects/ElectricalAge2/src/main/kotlin/mods/eln/item/electricalitem/ElectricalPickaxe.kt:31:27 Unresolved reference: getStrVsBlock
e: file:///Users/aiw.robson/Documents/Projects/ElectricalAge2/src/main/kotlin/mods/eln/item/electricalitem/ElectricalPickaxe.kt:33:13 Unresolved reference: blocksEffectiveAgainst
e: file:///Users/aiw.robson/Documents/Projects/ElectricalAge2/src/main/kotlin/mods/eln/item/electricalitem/ElectricalPickaxe.kt:33:42 Expression expected, but a package name found
e: file:///Users/aiw.robson/Documents/Projects/ElectricalAge2/src/main/kotlin/mods/eln/item/electricalitem/ElectricalPickaxe.kt:39:5 'onItemRightClick' overrides nothing
e: file:///Users/aiw.robson/Documents/Projects/ElectricalAge2/src/main/kotlin/mods/eln/item/electricalitem/ElectricalPickaxe.kt:39:52 Unresolved reference: World
e: file:///Users/aiw.robson/Documents/Projects/ElectricalAge2/src/main/kotlin/mods/eln/item/electricalitem/ElectricalPickaxe.kt:47:9 Unresolved reference: getNbt
e: file:///Users/aiw.robson/Documents/Projects/ElectricalAge2/src/main/kotlin/mods/eln/item/electricalitem/ElectricalPickaxe.kt:50:9 Unresolved reference: getNbt
e: file:///Users/aiw.robson/Documents/Projects/ElectricalAge2/src/main/kotlin/mods/eln/item/electricalitem/ElectricalPickaxe.kt:56:5 'onBlockDestroyed' overrides nothing
e: file:///Users/aiw.robson/Documents/Projects/ElectricalAge2/src/main/kotlin/mods/eln/item/electricalitem/ElectricalPickaxe.kt:56:56 Unresolved reference: World
e: file:///Users/aiw.robson/Documents/Projects/ElectricalAge2/src/main/kotlin/mods/eln/item/electricalitem/ElectricalPickaxe.kt:57:24 Unresolved reference: onBlockDestroyed
e: file:///Users/aiw.robson/Documents/Projects/ElectricalAge2/src/main/kotlin/mods/eln/item/electricalitem/ElectricalTool.kt:94:5 Expecting a top level declaration
e: file:///Users/aiw.robson/Documents/Projects/ElectricalAge2/src/main/kotlin/mods/eln/item/electricalitem/ElectricalTool.kt:105:21 Name expected
e: file:///Users/aiw.robson/Documents/Projects/ElectricalAge2/src/main/kotlin/mods/eln/item/electricalitem/ElectricalTool.kt:109:5 Expecting a top level declaration
e: file:///Users/aiw.robson/Documents/Projects/ElectricalAge2/src/main/kotlin/mods/eln/item/electricalitem/ElectricalTool.kt:109:10 Expecting a top level declaration
e: file:///Users/aiw.robson/Documents/Projects/ElectricalAge2/src/main/kotlin/mods/eln/item/electricalitem/ElectricalTool.kt:112:1 Expecting a top level declaration
e: file:///Users/aiw.robson/Documents/Projects/ElectricalAge2/src/main/kotlin/mods/eln/item/electricalitem/ElectricalTool.kt:19:6 Class 'ElectricalTool' is not abstract and does not implement abstract member public abstract fun getMaxEnergy(stack: ItemStack): Double defined in mods.eln.item.electricalinterface.IItemEnergyBattery
e: file:///Users/aiw.robson/Documents/Projects/ElectricalAge2/src/main/kotlin/mods/eln/item/electricalitem/ElectricalTool.kt:24:5 'onEntitySwing' overrides nothing
e: file:///Users/aiw.robson/Documents/Projects/ElectricalAge2/src/main/kotlin/mods/eln/item/electricalitem/ElectricalTool.kt:26:13 Unresolved reference: itemEnergyInventoryProcess
e: file:///Users/aiw.robson/Documents/Projects/ElectricalAge2/src/main/kotlin/mods/eln/item/electricalitem/ElectricalTool.kt:27:22 Unresolved reference: onEntitySwing
e: file:///Users/aiw.robson/Documents/Projects/ElectricalAge2/src/main/kotlin/mods/eln/item/electricalitem/ElectricalTool.kt:30:5 'mineBlock' overrides nothing
e: file:///Users/aiw.robson/Documents/Projects/ElectricalAge2/src/main/kotlin/mods/eln/item/electricalitem/ElectricalTool.kt:37:13 Unresolved reference: getDestroySpeed
e: file:///Users/aiw.robson/Documents/Projects/ElectricalAge2/src/main/kotlin/mods/eln/item/electricalitem/ElectricalTool.kt:48:5 'getDefaultNBT' overrides nothing
e: file:///Users/aiw.robson/Documents/Projects/ElectricalAge2/src/main/kotlin/mods/eln/item/electricalitem/ElectricalTool.kt:78:5 'getEnergyMax' overrides nothing
e: file:///Users/aiw.robson/Documents/Projects/ElectricalAge2/src/main/kotlin/mods/eln/item/electricalitem/ElectricalTool.kt:82:5 'getChargePower' overrides nothing
e: file:///Users/aiw.robson/Documents/Projects/ElectricalAge2/src/main/kotlin/mods/eln/item/electricalitem/ElectricalTool.kt:86:5 'getDischagePower' overrides nothing
e: file:///Users/aiw.robson/Documents/Projects/ElectricalAge2/src/main/kotlin/mods/eln/item/electricalitem/ElectricalTool.kt:90:5 'getPriority' overrides nothing
e: file:///Users/aiw.robson/Documents/Projects/ElectricalAge2/src/main/kotlin/mods/eln/item/electricalitem/ElectricalTool.kt:96:5 Modifier 'override' is not applicable to 'top level function'
e: file:///Users/aiw.robson/Documents/Projects/ElectricalAge2/src/main/kotlin/mods/eln/item/electricalitem/ElectricalTool.kt:96:35 Unresolved reference: ItemRenderType
e: file:///Users/aiw.robson/Documents/Projects/ElectricalAge2/src/main/kotlin/mods/eln/item/electricalitem/ElectricalTool.kt:97:9 No supertypes are accessible in this context
e: file:///Users/aiw.robson/Documents/Projects/ElectricalAge2/src/main/kotlin/mods/eln/item/electricalitem/ElectricalTool.kt:98:21 Unresolved reference: ItemRenderType
e: file:///Users/aiw.robson/Documents/Projects/ElectricalAge2/src/main/kotlin/mods/eln/item/electricalitem/ElectricalTool.kt:99:25 Unresolved reference: drawEnergyBare
e: file:///Users/aiw.robson/Documents/Projects/ElectricalAge2/src/main/kotlin/mods/eln/item/electricalitem/ElectricalTool.kt:103:5 Modifier 'override' is not applicable to 'top level function'
e: file:///Users/aiw.robson/Documents/Projects/ElectricalAge2/src/main/kotlin/mods/eln/item/electricalitem/ElectricalTool.kt:103:5 Conflicting overloads: public open fun electricalItemUpdate(stack: ItemStack, time: Double): Unit defined in mods.eln.item.electricalitem in file ElectricalTool.kt, public open fun electricalItemUpdate(stack: ItemStack, time: Double): Unit defined in mods.eln.item.electricalitem in file PortableOreScannerItem.kt
e: file:///Users/aiw.robson/Documents/Projects/ElectricalAge2/src/main/kotlin/mods/eln/item/electricalitem/ElectricalTool.kt:105:5 Modifier 'companion' is not applicable inside 'file'
e: file:///Users/aiw.robson/Documents/Projects/ElectricalAge2/src/main/kotlin/mods/eln/item/electricalitem/ElectricalTool.kt:106:53 Unresolved reference: grass
e: file:///Users/aiw.robson/Documents/Projects/ElectricalAge2/src/main/kotlin/mods/eln/item/electricalitem/ElectricalTool.kt:106:67 Unresolved reference: dirt
e: file:///Users/aiw.robson/Documents/Projects/ElectricalAge2/src/main/kotlin/mods/eln/item/electricalitem/ElectricalTool.kt:106:80 Unresolved reference: sand
e: file:///Users/aiw.robson/Documents/Projects/ElectricalAge2/src/main/kotlin/mods/eln/item/electricalitem/ElectricalTool.kt:106:93 Unresolved reference: gravel
e: file:///Users/aiw.robson/Documents/Projects/ElectricalAge2/src/main/kotlin/mods/eln/item/electricalitem/ElectricalTool.kt:106:108 Unresolved reference: snow
e: file:///Users/aiw.robson/Documents/Projects/ElectricalAge2/src/main/kotlin/mods/eln/item/electricalitem/ElectricalTool.kt:106:121 Unresolved reference: snow
e: file:///Users/aiw.robson/Documents/Projects/ElectricalAge2/src/main/kotlin/mods/eln/item/electricalitem/ElectricalTool.kt:106:134 Unresolved reference: clay
e: file:///Users/aiw.robson/Documents/Projects/ElectricalAge2/src/main/kotlin/mods/eln/item/electricalitem/ElectricalTool.kt:106:147 Unresolved reference: farmland
e: file:///Users/aiw.robson/Documents/Projects/ElectricalAge2/src/main/kotlin/mods/eln/item/electricalitem/ElectricalTool.kt:106:164 Unresolved reference: soul_sand
e: file:///Users/aiw.robson/Documents/Projects/ElectricalAge2/src/main/kotlin/mods/eln/item/electricalitem/ElectricalTool.kt:106:182 Unresolved reference: mycelium
e: file:///Users/aiw.robson/Documents/Projects/ElectricalAge2/src/main/kotlin/mods/eln/item/electricalitem/ElectricalTool.kt:109:10 Function declaration must have a name
e: file:///Users/aiw.robson/Documents/Projects/ElectricalAge2/src/main/kotlin/mods/eln/item/electricalitem/ElectricalTool.kt:110:9 Unresolved reference: rIcon
e: file:///Users/aiw.robson/Documents/Projects/ElectricalAge2/src/main/kotlin/mods/eln/item/electricalitem/ElectricalTool.kt:110:61 Unresolved reference: name
e: file:///Users/aiw.robson/Documents/Projects/ElectricalAge2/src/main/kotlin/mods/eln/item/electricalitem/LampItem.kt:5:36 Unresolved reference: LightBlockEntity
e: file:///Users/aiw.robson/Documents/Projects/ElectricalAge2/src/main/kotlin/mods/eln/item/electricalitem/LampItem.kt:6:22 Unresolved reference: entity
e: file:///Users/aiw.robson/Documents/Projects/ElectricalAge2/src/main/kotlin/mods/eln/item/electricalitem/LampItem.kt:9:27 Unresolved reference: MathHelper
e: file:///Users/aiw.robson/Documents/Projects/ElectricalAge2/src/main/kotlin/mods/eln/item/electricalitem/LampItem.kt:16:5 'onUpdate' overrides nothing
e: file:///Users/aiw.robson/Documents/Projects/ElectricalAge2/src/main/kotlin/mods/eln/item/electricalitem/LampItem.kt:16:52 Unresolved reference: World
e: file:///Users/aiw.robson/Documents/Projects/ElectricalAge2/src/main/kotlin/mods/eln/item/electricalitem/LampItem.kt:16:67 Unresolved reference: Entity
e: file:///Users/aiw.robson/Documents/Projects/ElectricalAge2/src/main/kotlin/mods/eln/item/electricalitem/LampItem.kt:26:22 Function '<Error function>' should return Unit to be used by corresponding operator '*='
e: file:///Users/aiw.robson/Documents/Projects/ElectricalAge2/src/main/kotlin/mods/eln/item/electricalitem/LampItem.kt:27:22 Function '<Error function>' should return Unit to be used by corresponding operator '*='
e: file:///Users/aiw.robson/Documents/Projects/ElectricalAge2/src/main/kotlin/mods/eln/item/electricalitem/LampItem.kt:28:22 Function '<Error function>' should return Unit to be used by corresponding operator '*='
e: file:///Users/aiw.robson/Documents/Projects/ElectricalAge2/src/main/kotlin/mods/eln/item/electricalitem/LampItem.kt:32:19 Assignment operators ambiguity: 
public open fun `<Error function>`(): [Error type: Return type for function cannot be resolved] defined in root package
public open fun `<Error function>`(): [Error type: Return type for function cannot be resolved] defined in root package
e: file:///Users/aiw.robson/Documents/Projects/ElectricalAge2/src/main/kotlin/mods/eln/item/electricalitem/LampItem.kt:33:19 Assignment operators ambiguity: 
public open fun `<Error function>`(): [Error type: Return type for function cannot be resolved] defined in root package
public open fun `<Error function>`(): [Error type: Return type for function cannot be resolved] defined in root package
e: file:///Users/aiw.robson/Documents/Projects/ElectricalAge2/src/main/kotlin/mods/eln/item/electricalitem/LampItem.kt:34:19 Assignment operators ambiguity: 
public open fun `<Error function>`(): [Error type: Return type for function cannot be resolved] defined in root package
public open fun `<Error function>`(): [Error type: Return type for function cannot be resolved] defined in root package
e: file:///Users/aiw.robson/Documents/Projects/ElectricalAge2/src/main/kotlin/mods/eln/item/electricalitem/LampItem.kt:35:26 Unresolved reference: MathHelper
e: file:///Users/aiw.robson/Documents/Projects/ElectricalAge2/src/main/kotlin/mods/eln/item/electricalitem/LampItem.kt:36:26 Unresolved reference: MathHelper
e: file:///Users/aiw.robson/Documents/Projects/ElectricalAge2/src/main/kotlin/mods/eln/item/electricalitem/LampItem.kt:37:26 Unresolved reference: MathHelper
e: file:///Users/aiw.robson/Documents/Projects/ElectricalAge2/src/main/kotlin/mods/eln/item/electricalitem/LampItem.kt:40:23 Assignment operators ambiguity: 
public open fun `<Error function>`(): [Error type: Return type for function cannot be resolved] defined in root package
public open fun `<Error function>`(): [Error type: Return type for function cannot be resolved] defined in root package
e: file:///Users/aiw.robson/Documents/Projects/ElectricalAge2/src/main/kotlin/mods/eln/item/electricalitem/LampItem.kt:41:23 Assignment operators ambiguity: 
public open fun `<Error function>`(): [Error type: Return type for function cannot be resolved] defined in root package
public open fun `<Error function>`(): [Error type: Return type for function cannot be resolved] defined in root package
e: file:///Users/aiw.robson/Documents/Projects/ElectricalAge2/src/main/kotlin/mods/eln/item/electricalitem/LampItem.kt:42:23 Assignment operators ambiguity: 
public open fun `<Error function>`(): [Error type: Return type for function cannot be resolved] defined in root package
public open fun `<Error function>`(): [Error type: Return type for function cannot be resolved] defined in root package
e: file:///Users/aiw.robson/Documents/Projects/ElectricalAge2/src/main/kotlin/mods/eln/item/electricalitem/LampItem.kt:49:26 Unresolved reference: MathHelper
e: file:///Users/aiw.robson/Documents/Projects/ElectricalAge2/src/main/kotlin/mods/eln/item/electricalitem/LampItem.kt:50:26 Unresolved reference: MathHelper
e: file:///Users/aiw.robson/Documents/Projects/ElectricalAge2/src/main/kotlin/mods/eln/item/electricalitem/LampItem.kt:51:26 Unresolved reference: MathHelper
e: file:///Users/aiw.robson/Documents/Projects/ElectricalAge2/src/main/kotlin/mods/eln/item/electricalitem/LampItem.kt:54:21 Unresolved reference: LightBlockEntity
e: file:///Users/aiw.robson/Documents/Projects/ElectricalAge2/src/main/kotlin/mods/eln/item/electricalitem/LampItem.kt:57:19 Assignment operators ambiguity: 
public open fun `<Error function>`(): [Error type: Return type for function cannot be resolved] defined in root package
public open fun `<Error function>`(): [Error type: Return type for function cannot be resolved] defined in root package
e: file:///Users/aiw.robson/Documents/Projects/ElectricalAge2/src/main/kotlin/mods/eln/item/electricalitem/LampItem.kt:58:19 Assignment operators ambiguity: 
public open fun `<Error function>`(): [Error type: Return type for function cannot be resolved] defined in root package
public open fun `<Error function>`(): [Error type: Return type for function cannot be resolved] defined in root package
e: file:///Users/aiw.robson/Documents/Projects/ElectricalAge2/src/main/kotlin/mods/eln/item/electricalitem/LampItem.kt:59:19 Assignment operators ambiguity: 
public open fun `<Error function>`(): [Error type: Return type for function cannot be resolved] defined in root package
public open fun `<Error function>`(): [Error type: Return type for function cannot be resolved] defined in root package
e: file:///Users/aiw.robson/Documents/Projects/ElectricalAge2/src/main/kotlin/mods/eln/item/electricalitem/PortableOreScannerItem.kt:338:1 Expecting a top level declaration
e: file:///Users/aiw.robson/Documents/Projects/ElectricalAge2/src/main/kotlin/mods/eln/item/electricalitem/PortableOreScannerItem.kt:29:22 Unresolved reference: getByte
e: file:///Users/aiw.robson/Documents/Projects/ElectricalAge2/src/main/kotlin/mods/eln/item/electricalitem/PortableOreScannerItem.kt:30:22 Unresolved reference: setByte
e: file:///Users/aiw.robson/Documents/Projects/ElectricalAge2/src/main/kotlin/mods/eln/item/electricalitem/PortableOreScannerItem.kt:31:22 Unresolved reference: getShort
e: file:///Users/aiw.robson/Documents/Projects/ElectricalAge2/src/main/kotlin/mods/eln/item/electricalitem/PortableOreScannerItem.kt:32:22 Unresolved reference: setShort
e: file:///Users/aiw.robson/Documents/Projects/ElectricalAge2/src/main/kotlin/mods/eln/item/electricalitem/PortableOreScannerItem.kt:36:1 Class 'PortableOreScannerItem' is not abstract and does not implement abstract member public abstract fun getMaxEnergy(stack: ItemStack): Double defined in mods.eln.item.electricalinterface.IItemEnergyBattery
e: file:///Users/aiw.robson/Documents/Projects/ElectricalAge2/src/main/kotlin/mods/eln/item/electricalitem/PortableOreScannerItem.kt:53:5 'inventoryTick' overrides nothing
e: file:///Users/aiw.robson/Documents/Projects/ElectricalAge2/src/main/kotlin/mods/eln/item/electricalitem/PortableOreScannerItem.kt:80:5 'use' overrides nothing
e: file:///Users/aiw.robson/Documents/Projects/ElectricalAge2/src/main/kotlin/mods/eln/item/electricalitem/PortableOreScannerItem.kt:89:35 Overload resolution ambiguity: 
private const val bootTime: Short defined in mods.eln.item.electricalitem in file PortableOreScannerItem.kt
private const val bootTime: Short defined in mods.eln.item.electricalitem in file PortableOreScannerItem.kt
e: file:///Users/aiw.robson/Documents/Projects/ElectricalAge2/src/main/kotlin/mods/eln/item/electricalitem/PortableOreScannerItem.kt:93:35 Overload resolution ambiguity: 
private const val stopTime: Short defined in mods.eln.item.electricalitem in file PortableOreScannerItem.kt
private const val stopTime: Short defined in mods.eln.item.electricalitem in file PortableOreScannerItem.kt
e: file:///Users/aiw.robson/Documents/Projects/ElectricalAge2/src/main/kotlin/mods/eln/item/electricalitem/PortableOreScannerItem.kt:100:5 'setParent' overrides nothing
e: file:///Users/aiw.robson/Documents/Projects/ElectricalAge2/src/main/kotlin/mods/eln/item/electricalitem/PortableOreScannerItem.kt:102:14 Unresolved reference: addPortable
e: file:///Users/aiw.robson/Documents/Projects/ElectricalAge2/src/main/kotlin/mods/eln/item/electricalitem/PortableOreScannerItem.kt:105:5 'getDefaultNBT' overrides nothing
e: file:///Users/aiw.robson/Documents/Projects/ElectricalAge2/src/main/kotlin/mods/eln/item/electricalitem/PortableOreScannerItem.kt:109:27 Overload resolution ambiguity: 
private const val bootTime: Short defined in mods.eln.item.electricalitem in file PortableOreScannerItem.kt
private const val bootTime: Short defined in mods.eln.item.electricalitem in file PortableOreScannerItem.kt
e: file:///Users/aiw.robson/Documents/Projects/ElectricalAge2/src/main/kotlin/mods/eln/item/electricalitem/PortableOreScannerItem.kt:131:33 Unresolved reference: getByte
e: file:///Users/aiw.robson/Documents/Projects/ElectricalAge2/src/main/kotlin/mods/eln/item/electricalitem/PortableOreScannerItem.kt:135:15 Unresolved reference: setByte
e: file:///Users/aiw.robson/Documents/Projects/ElectricalAge2/src/main/kotlin/mods/eln/item/electricalitem/PortableOreScannerItem.kt:139:22 Unresolved reference: getShort
e: file:///Users/aiw.robson/Documents/Projects/ElectricalAge2/src/main/kotlin/mods/eln/item/electricalitem/PortableOreScannerItem.kt:143:15 Unresolved reference: setShort
e: file:///Users/aiw.robson/Documents/Projects/ElectricalAge2/src/main/kotlin/mods/eln/item/electricalitem/PortableOreScannerItem.kt:147:22 Unresolved reference: getByte
e: file:///Users/aiw.robson/Documents/Projects/ElectricalAge2/src/main/kotlin/mods/eln/item/electricalitem/PortableOreScannerItem.kt:151:15 Unresolved reference: setByte
e: file:///Users/aiw.robson/Documents/Projects/ElectricalAge2/src/main/kotlin/mods/eln/item/electricalitem/PortableOreScannerItem.kt:154:5 'onDroppedByPlayer' overrides nothing
e: file:///Users/aiw.robson/Documents/Projects/ElectricalAge2/src/main/kotlin/mods/eln/item/electricalitem/PortableOreScannerItem.kt:156:22 Unresolved reference: onDroppedByPlayer
e: file:///Users/aiw.robson/Documents/Projects/ElectricalAge2/src/main/kotlin/mods/eln/item/electricalitem/PortableOreScannerItem.kt:159:5 'getEnergyMax' overrides nothing
e: file:///Users/aiw.robson/Documents/Projects/ElectricalAge2/src/main/kotlin/mods/eln/item/electricalitem/PortableOreScannerItem.kt:163:5 'getChargePower' overrides nothing
e: file:///Users/aiw.robson/Documents/Projects/ElectricalAge2/src/main/kotlin/mods/eln/item/electricalitem/PortableOreScannerItem.kt:167:5 'getDischagePower' overrides nothing
e: file:///Users/aiw.robson/Documents/Projects/ElectricalAge2/src/main/kotlin/mods/eln/item/electricalitem/PortableOreScannerItem.kt:171:5 'getPriority' overrides nothing
e: file:///Users/aiw.robson/Documents/Projects/ElectricalAge2/src/main/kotlin/mods/eln/item/electricalitem/PortableOreScannerItem.kt:175:5 'onBlockStartBreak' overrides nothing
e: file:///Users/aiw.robson/Documents/Projects/ElectricalAge2/src/main/kotlin/mods/eln/item/electricalitem/PortableOreScannerItem.kt:183:5 'electricalItemUpdate' overrides nothing
e: file:///Users/aiw.robson/Documents/Projects/ElectricalAge2/src/main/kotlin/mods/eln/item/electricalitem/PortableOreScannerItem.kt:202:20 Redeclaration: State
e: file:///Users/aiw.robson/Documents/Projects/ElectricalAge2/src/main/kotlin/mods/eln/item/electricalitem/PortableOreScannerItem.kt:215:19 Conflicting declarations: private const val bootTime: Short, private const val bootTime: Short
e: file:///Users/aiw.robson/Documents/Projects/ElectricalAge2/src/main/kotlin/mods/eln/item/electricalitem/PortableOreScannerItem.kt:216:19 Conflicting declarations: private const val stopTime: Short, private const val stopTime: Short
e: file:///Users/aiw.robson/Documents/Projects/ElectricalAge2/src/main/kotlin/mods/eln/item/electricalitem/PortableOreScannerItem.kt:252:5 Modifier 'override' is not applicable to 'top level function'
e: file:///Users/aiw.robson/Documents/Projects/ElectricalAge2/src/main/kotlin/mods/eln/item/electricalitem/PortableOreScannerItem.kt:253:9 No supertypes are accessible in this context
e: file:///Users/aiw.robson/Documents/Projects/ElectricalAge2/src/main/kotlin/mods/eln/item/electricalitem/PortableOreScannerItem.kt:254:81 Unresolved reference: dischargePower
e: file:///Users/aiw.robson/Documents/Projects/ElectricalAge2/src/main/kotlin/mods/eln/item/electricalitem/PortableOreScannerItem.kt:257:33 Unresolved reference: energyStorage
e: file:///Users/aiw.robson/Documents/Projects/ElectricalAge2/src/main/kotlin/mods/eln/item/electricalitem/PortableOreScannerItem.kt:260:5 Modifier 'override' is not applicable to 'top level function'
e: file:///Users/aiw.robson/Documents/Projects/ElectricalAge2/src/main/kotlin/mods/eln/item/electricalitem/PortableOreScannerItem.kt:264:5 Modifier 'override' is not applicable to 'top level function'
e: file:///Users/aiw.robson/Documents/Projects/ElectricalAge2/src/main/kotlin/mods/eln/item/electricalitem/PortableOreScannerItem.kt:269:33 Unresolved reference: getByte
e: file:///Users/aiw.robson/Documents/Projects/ElectricalAge2/src/main/kotlin/mods/eln/item/electricalitem/PortableOreScannerItem.kt:273:15 Unresolved reference: setByte
e: file:///Users/aiw.robson/Documents/Projects/ElectricalAge2/src/main/kotlin/mods/eln/item/electricalitem/PortableOreScannerItem.kt:277:22 Unresolved reference: getShort
e: file:///Users/aiw.robson/Documents/Projects/ElectricalAge2/src/main/kotlin/mods/eln/item/electricalitem/PortableOreScannerItem.kt:281:15 Unresolved reference: setShort
e: file:///Users/aiw.robson/Documents/Projects/ElectricalAge2/src/main/kotlin/mods/eln/item/electricalitem/PortableOreScannerItem.kt:285:22 Unresolved reference: getByte
e: file:///Users/aiw.robson/Documents/Projects/ElectricalAge2/src/main/kotlin/mods/eln/item/electricalitem/PortableOreScannerItem.kt:289:15 Unresolved reference: setByte
e: file:///Users/aiw.robson/Documents/Projects/ElectricalAge2/src/main/kotlin/mods/eln/item/electricalitem/PortableOreScannerItem.kt:292:5 Modifier 'override' is not applicable to 'top level function'
e: file:///Users/aiw.robson/Documents/Projects/ElectricalAge2/src/main/kotlin/mods/eln/item/electricalitem/PortableOreScannerItem.kt:294:16 No supertypes are accessible in this context
e: file:///Users/aiw.robson/Documents/Projects/ElectricalAge2/src/main/kotlin/mods/eln/item/electricalitem/PortableOreScannerItem.kt:297:5 Modifier 'override' is not applicable to 'top level function'
e: file:///Users/aiw.robson/Documents/Projects/ElectricalAge2/src/main/kotlin/mods/eln/item/electricalitem/PortableOreScannerItem.kt:298:16 Unresolved reference: energyStorage
e: file:///Users/aiw.robson/Documents/Projects/ElectricalAge2/src/main/kotlin/mods/eln/item/electricalitem/PortableOreScannerItem.kt:301:5 Modifier 'override' is not applicable to 'top level function'
e: file:///Users/aiw.robson/Documents/Projects/ElectricalAge2/src/main/kotlin/mods/eln/item/electricalitem/PortableOreScannerItem.kt:302:16 Unresolved reference: chargePower
e: file:///Users/aiw.robson/Documents/Projects/ElectricalAge2/src/main/kotlin/mods/eln/item/electricalitem/PortableOreScannerItem.kt:305:5 Modifier 'override' is not applicable to 'top level function'
e: file:///Users/aiw.robson/Documents/Projects/ElectricalAge2/src/main/kotlin/mods/eln/item/electricalitem/PortableOreScannerItem.kt:306:16 Unresolved reference: dischargePower
e: file:///Users/aiw.robson/Documents/Projects/ElectricalAge2/src/main/kotlin/mods/eln/item/electricalitem/PortableOreScannerItem.kt:309:5 Modifier 'override' is not applicable to 'top level function'
e: file:///Users/aiw.robson/Documents/Projects/ElectricalAge2/src/main/kotlin/mods/eln/item/electricalitem/PortableOreScannerItem.kt:313:5 Modifier 'override' is not applicable to 'top level function'
e: file:///Users/aiw.robson/Documents/Projects/ElectricalAge2/src/main/kotlin/mods/eln/item/electricalitem/PortableOreScannerItem.kt:321:5 Modifier 'override' is not applicable to 'top level function'
e: file:///Users/aiw.robson/Documents/Projects/ElectricalAge2/src/main/kotlin/mods/eln/item/electricalitem/PortableOreScannerItem.kt:321:5 Conflicting overloads: public open fun electricalItemUpdate(stack: ItemStack, time: Double): Unit defined in mods.eln.item.electricalitem in file ElectricalTool.kt, public open fun electricalItemUpdate(stack: ItemStack, time: Double): Unit defined in mods.eln.item.electricalitem in file PortableOreScannerItem.kt
e: file:///Users/aiw.robson/Documents/Projects/ElectricalAge2/src/main/kotlin/mods/eln/item/electricalitem/PortableOreScannerItem.kt:328:27 Unresolved reference: dischargePower
e: file:///Users/aiw.robson/Documents/Projects/ElectricalAge2/src/main/kotlin/mods/eln/item/electricalitem/PortableOreScannerItem.kt:340:20 Redeclaration: State
e: file:///Users/aiw.robson/Documents/Projects/ElectricalAge2/src/main/kotlin/mods/eln/item/electricalitem/PortableOreScannerItem.kt:341:9 Cannot access '<init>': it is private in 'State'
e: file:///Users/aiw.robson/Documents/Projects/ElectricalAge2/src/main/kotlin/mods/eln/item/electricalitem/PortableOreScannerItem.kt:342:9 Cannot access '<init>': it is private in 'State'
e: file:///Users/aiw.robson/Documents/Projects/ElectricalAge2/src/main/kotlin/mods/eln/item/electricalitem/PortableOreScannerItem.kt:343:8 Cannot access '<init>': it is private in 'State'
e: file:///Users/aiw.robson/Documents/Projects/ElectricalAge2/src/main/kotlin/mods/eln/item/electricalitem/PortableOreScannerItem.kt:344:9 Cannot access '<init>': it is private in 'State'
e: file:///Users/aiw.robson/Documents/Projects/ElectricalAge2/src/main/kotlin/mods/eln/item/electricalitem/PortableOreScannerItem.kt:345:10 Cannot access '<init>': it is private in 'State'
e: file:///Users/aiw.robson/Documents/Projects/ElectricalAge2/src/main/kotlin/mods/eln/item/electricalitem/PortableOreScannerItem.kt:353:19 Conflicting declarations: private const val bootTime: Short, private const val bootTime: Short
e: file:///Users/aiw.robson/Documents/Projects/ElectricalAge2/src/main/kotlin/mods/eln/item/electricalitem/PortableOreScannerItem.kt:354:19 Conflicting declarations: private const val stopTime: Short, private const val stopTime: Short
e: file:///Users/aiw.robson/Documents/Projects/ElectricalAge2/src/main/kotlin/mods/eln/mechanical/Clutch.kt:5:25 Unresolved reference: GenericItemUsingDamage
e: file:///Users/aiw.robson/Documents/Projects/ElectricalAge2/src/main/kotlin/mods/eln/mechanical/Clutch.kt:24:33 Unresolved reference: Screen
e: file:///Users/aiw.robson/Documents/Projects/ElectricalAge2/src/main/kotlin/mods/eln/mechanical/Clutch.kt:39:5 'getDefaultNBT' overrides nothing
e: file:///Users/aiw.robson/Documents/Projects/ElectricalAge2/src/main/kotlin/mods/eln/mechanical/Clutch.kt:42:20 Unresolved reference: hasTagCompound
e: file:///Users/aiw.robson/Documents/Projects/ElectricalAge2/src/main/kotlin/mods/eln/mechanical/Clutch.kt:43:19 Unresolved reference: tagCompound
e: file:///Users/aiw.robson/Documents/Projects/ElectricalAge2/src/main/kotlin/mods/eln/mechanical/Clutch.kt:45:15 Unresolved reference: tagCompound
e: file:///Users/aiw.robson/Documents/Projects/ElectricalAge2/src/main/kotlin/mods/eln/mechanical/Clutch.kt:49:20 Unresolved reference: hasTagCompound
e: file:///Users/aiw.robson/Documents/Projects/ElectricalAge2/src/main/kotlin/mods/eln/mechanical/Clutch.kt:50:22 Unresolved reference: tagCompound
e: file:///Users/aiw.robson/Documents/Projects/ElectricalAge2/src/main/kotlin/mods/eln/mechanical/Clutch.kt:79:37 This type is final, so it cannot be inherited from
e: file:///Users/aiw.robson/Documents/Projects/ElectricalAge2/src/main/kotlin/mods/eln/mechanical/Clutch.kt:182:37 Unresolved reference: GenericItemUsingDamage
e: file:///Users/aiw.robson/Documents/Projects/ElectricalAge2/src/main/kotlin/mods/eln/mechanical/Clutch.kt:395:13 Unresolved reference. None of the following candidates is applicable because of receiver type mismatch: 
public fun ItemStack.setBoolean(key: String, value: Boolean): Unit defined in mods.eln.misc in file ItemExtensions.kt
e: file:///Users/aiw.robson/Documents/Projects/ElectricalAge2/src/main/kotlin/mods/eln/mechanical/Clutch.kt:411:19 Unresolved reference: plotRads
e: file:///Users/aiw.robson/Documents/Projects/ElectricalAge2/src/main/kotlin/mods/eln/mechanical/Clutch.kt:446:28 Unresolved reference: TransparentNodeEntity
e: file:///Users/aiw.robson/Documents/Projects/ElectricalAge2/src/main/kotlin/mods/eln/mechanical/Clutch.kt:493:23 Unresolved reference: setGlColorFromDye
e: file:///Users/aiw.robson/Documents/Projects/ElectricalAge2/src/main/kotlin/mods/eln/mechanical/Clutch.kt:538:63 Unresolved reference: Screen
e: file:///Users/aiw.robson/Documents/Projects/ElectricalAge2/src/main/kotlin/mods/eln/mechanical/Clutch.kt:543:87 Type mismatch: inferred type is Class<ClutchPlateItem> but Array<Class<*>> was expected
e: file:///Users/aiw.robson/Documents/Projects/ElectricalAge2/src/main/kotlin/mods/eln/mechanical/Clutch.kt:544:87 Type mismatch: inferred type is Class<ClutchPinItem> but Array<Class<*>> was expected
e: file:///Users/aiw.robson/Documents/Projects/ElectricalAge2/src/main/kotlin/mods/eln/mechanical/Clutch.kt:548:77 One type argument expected for class GuiContainerEln<T : AbstractContainerMenu>
e: file:///Users/aiw.robson/Documents/Projects/ElectricalAge2/src/main/kotlin/mods/eln/mechanical/Clutch.kt:549:5 'newHelper' overrides nothing
e: file:///Users/aiw.robson/Documents/Projects/ElectricalAge2/src/main/kotlin/mods/eln/mechanical/Clutch.kt:549:51 Type mismatch: inferred type is ClutchGui but IGuiObject was expected
e: file:///Users/aiw.robson/Documents/Projects/ElectricalAge2/src/main/kotlin/mods/eln/mechanical/CrankableShaft.kt:23:24 Unresolved reference: plotRads
e: file:///Users/aiw.robson/Documents/Projects/ElectricalAge2/src/main/kotlin/mods/eln/mechanical/CrankableShaft.kt:65:35 Unresolved reference: plotRads
e: file:///Users/aiw.robson/Documents/Projects/ElectricalAge2/src/main/kotlin/mods/eln/mechanical/Flywheel.kt:13:22 Unresolved reference: entity
e: file:///Users/aiw.robson/Documents/Projects/ElectricalAge2/src/main/kotlin/mods/eln/mechanical/Flywheel.kt:15:27 Unresolved reference: DamageSource
e: file:///Users/aiw.robson/Documents/Projects/ElectricalAge2/src/main/kotlin/mods/eln/mechanical/Flywheel.kt:50:41 Unresolved reference: getEntitiesWithinAABB
e: file:///Users/aiw.robson/Documents/Projects/ElectricalAge2/src/main/kotlin/mods/eln/mechanical/Flywheel.kt:50:63 Unresolved reference: Entity
e: file:///Users/aiw.robson/Documents/Projects/ElectricalAge2/src/main/kotlin/mods/eln/mechanical/Flywheel.kt:53:34 Unresolved reference: Entity
e: file:///Users/aiw.robson/Documents/Projects/ElectricalAge2/src/main/kotlin/mods/eln/mechanical/Flywheel.kt:89:38 Unresolved reference: DamageSource
e: file:///Users/aiw.robson/Documents/Projects/ElectricalAge2/src/main/kotlin/mods/eln/mechanical/Flywheel.kt:101:37 Unresolved reference: plotRads
e: file:///Users/aiw.robson/Documents/Projects/ElectricalAge2/src/main/kotlin/mods/eln/mechanical/Generator.kt:80:24 Unresolved reference: plotRads
e: file:///Users/aiw.robson/Documents/Projects/ElectricalAge2/src/main/kotlin/mods/eln/mechanical/Generator.kt:81:24 Unresolved reference: plotRads
e: file:///Users/aiw.robson/Documents/Projects/ElectricalAge2/src/main/kotlin/mods/eln/mechanical/Generator.kt:179:45 Type mismatch: inferred type is ThermalLoadWatchDog but ThermalLoad! was expected
e: file:///Users/aiw.robson/Documents/Projects/ElectricalAge2/src/main/kotlin/mods/eln/mechanical/Generator.kt:273:15 Unresolved reference: plotER
e: file:///Users/aiw.robson/Documents/Projects/ElectricalAge2/src/main/kotlin/mods/eln/mechanical/Generator.kt:289:37 Unresolved reference: plotRads
e: file:///Users/aiw.robson/Documents/Projects/ElectricalAge2/src/main/kotlin/mods/eln/mechanical/JointHub.kt:37:25 Unresolved reference: xCoord
e: file:///Users/aiw.robson/Documents/Projects/ElectricalAge2/src/main/kotlin/mods/eln/mechanical/JointHub.kt:38:25 Unresolved reference: yCoord
e: file:///Users/aiw.robson/Documents/Projects/ElectricalAge2/src/main/kotlin/mods/eln/mechanical/JointHub.kt:39:25 Unresolved reference: zCoord
e: file:///Users/aiw.robson/Documents/Projects/ElectricalAge2/src/main/kotlin/mods/eln/mechanical/JointHub.kt:99:37 Unresolved reference: plotRads
e: file:///Users/aiw.robson/Documents/Projects/ElectricalAge2/src/main/kotlin/mods/eln/mechanical/Motor.kt:34:9 'name' hides member of supertype 'SimpleShaftDescriptor' and needs 'override' modifier
e: file:///Users/aiw.robson/Documents/Projects/ElectricalAge2/src/main/kotlin/mods/eln/mechanical/Motor.kt:89:24 Unresolved reference: plotRads
e: file:///Users/aiw.robson/Documents/Projects/ElectricalAge2/src/main/kotlin/mods/eln/mechanical/Motor.kt:90:24 Unresolved reference: plotRads
e: file:///Users/aiw.robson/Documents/Projects/ElectricalAge2/src/main/kotlin/mods/eln/mechanical/Motor.kt:198:45 Type mismatch: inferred type is ThermalLoadWatchDog but ThermalLoad! was expected
e: file:///Users/aiw.robson/Documents/Projects/ElectricalAge2/src/main/kotlin/mods/eln/mechanical/Motor.kt:294:15 Unresolved reference: plotER
e: file:///Users/aiw.robson/Documents/Projects/ElectricalAge2/src/main/kotlin/mods/eln/mechanical/Motor.kt:310:37 Unresolved reference: plotRads
e: file:///Users/aiw.robson/Documents/Projects/ElectricalAge2/src/main/kotlin/mods/eln/mechanical/RadialMotor.kt:74:18 Type mismatch: inferred type is String but Component was expected
e: file:///Users/aiw.robson/Documents/Projects/ElectricalAge2/src/main/kotlin/mods/eln/mechanical/RadialMotor.kt:75:18 Type mismatch: inferred type is String but Component was expected
e: file:///Users/aiw.robson/Documents/Projects/ElectricalAge2/src/main/kotlin/mods/eln/mechanical/RadialMotor.kt:76:18 Type mismatch: inferred type is String but Component was expected
e: file:///Users/aiw.robson/Documents/Projects/ElectricalAge2/src/main/kotlin/mods/eln/mechanical/RadialMotor.kt:78:22 Type mismatch: inferred type is String but Component was expected
e: file:///Users/aiw.robson/Documents/Projects/ElectricalAge2/src/main/kotlin/mods/eln/mechanical/RadialMotor.kt:80:22 Type mismatch: inferred type is String but Component was expected
e: file:///Users/aiw.robson/Documents/Projects/ElectricalAge2/src/main/kotlin/mods/eln/mechanical/RadialMotor.kt:83:22 Type mismatch: inferred type is String but Component was expected
e: file:///Users/aiw.robson/Documents/Projects/ElectricalAge2/src/main/kotlin/mods/eln/mechanical/RadialMotor.kt:85:24 Unresolved reference: plotRads
e: file:///Users/aiw.robson/Documents/Projects/ElectricalAge2/src/main/kotlin/mods/eln/mechanical/RadialMotor.kt:86:24 Unresolved reference: plotRads
e: file:///Users/aiw.robson/Documents/Projects/ElectricalAge2/src/main/kotlin/mods/eln/mechanical/RadialMotor.kt:125:42 Unresolved reference: heatEnergyPerMilliBucket
e: file:///Users/aiw.robson/Documents/Projects/ElectricalAge2/src/main/kotlin/mods/eln/mechanical/RadialMotor.kt:174:35 Unresolved reference: plotRads
e: file:///Users/aiw.robson/Documents/Projects/ElectricalAge2/src/main/kotlin/mods/eln/mechanical/RollingShaftMachine.kt:13:33 Unresolved reference: Screen
e: file:///Users/aiw.robson/Documents/Projects/ElectricalAge2/src/main/kotlin/mods/eln/mechanical/RollingShaftMachine.kt:36:29 Unresolved reference: xCoord
e: file:///Users/aiw.robson/Documents/Projects/ElectricalAge2/src/main/kotlin/mods/eln/mechanical/RollingShaftMachine.kt:37:29 Unresolved reference: yCoord
e: file:///Users/aiw.robson/Documents/Projects/ElectricalAge2/src/main/kotlin/mods/eln/mechanical/RollingShaftMachine.kt:38:29 Unresolved reference: zCoord
e: file:///Users/aiw.robson/Documents/Projects/ElectricalAge2/src/main/kotlin/mods/eln/mechanical/RollingShaftMachine.kt:63:35 Unresolved reference: plotRads
e: file:///Users/aiw.robson/Documents/Projects/ElectricalAge2/src/main/kotlin/mods/eln/mechanical/RollingShaftMachine.kt:94:36 Unresolved reference: plateMachineRecipes
e: file:///Users/aiw.robson/Documents/Projects/ElectricalAge2/src/main/kotlin/mods/eln/mechanical/RollingShaftMachine.kt:101:41 Unresolved reference: TransparentNodeEntity
e: file:///Users/aiw.robson/Documents/Projects/ElectricalAge2/src/main/kotlin/mods/eln/mechanical/RollingShaftMachine.kt:107:63 Unresolved reference: Screen
e: file:///Users/aiw.robson/Documents/Projects/ElectricalAge2/src/main/kotlin/mods/eln/mechanical/RollingShaftMachine.kt:117:86 Unresolved reference: big
e: file:///Users/aiw.robson/Documents/Projects/ElectricalAge2/src/main/kotlin/mods/eln/mechanical/RollingShaftMachine.kt:123:103 One type argument expected for class GuiContainerEln<T : AbstractContainerMenu>
e: file:///Users/aiw.robson/Documents/Projects/ElectricalAge2/src/main/kotlin/mods/eln/mechanical/RollingShaftMachine.kt:124:5 'newHelper' overrides nothing
e: file:///Users/aiw.robson/Documents/Projects/ElectricalAge2/src/main/kotlin/mods/eln/mechanical/RollingShaftMachine.kt:124:51 Type mismatch: inferred type is RollingShaftMachineGui but IGuiObject was expected
e: file:///Users/aiw.robson/Documents/Projects/ElectricalAge2/src/main/kotlin/mods/eln/mechanical/RollingShaftMachine.kt:136:5 'getAccessibleSlotsFromSide' overrides nothing
e: file:///Users/aiw.robson/Documents/Projects/ElectricalAge2/src/main/kotlin/mods/eln/mechanical/RollingShaftMachine.kt:143:5 'canInsertItem' overrides nothing
e: file:///Users/aiw.robson/Documents/Projects/ElectricalAge2/src/main/kotlin/mods/eln/mechanical/RollingShaftMachine.kt:150:5 'canExtractItem' overrides nothing
e: file:///Users/aiw.robson/Documents/Projects/ElectricalAge2/src/main/kotlin/mods/eln/mechanical/ShaftNetwork.kt:124:25 Unresolved reference: Loader
e: file:///Users/aiw.robson/Documents/Projects/ElectricalAge2/src/main/kotlin/mods/eln/mechanical/ShaftNetwork.kt:124:58 Unresolved reference: LoaderState
e: file:///Users/aiw.robson/Documents/Projects/ElectricalAge2/src/main/kotlin/mods/eln/mechanical/ShaftNetwork.kt:275:15 Unresolved reference: copyFrom
e: file:///Users/aiw.robson/Documents/Projects/ElectricalAge2/src/main/kotlin/mods/eln/mechanical/ShaftNetwork.kt:280:30 Function invocation 'inverse()' expected
e: file:///Users/aiw.robson/Documents/Projects/ElectricalAge2/src/main/kotlin/mods/eln/mechanical/ShaftNetwork.kt:303:13 Unresolved reference: setFloat
e: file:///Users/aiw.robson/Documents/Projects/ElectricalAge2/src/main/kotlin/mods/eln/mechanical/SimpleShaft.kt:12:34 Unresolved reference: IItemRenderer
e: file:///Users/aiw.robson/Documents/Projects/ElectricalAge2/src/main/kotlin/mods/eln/mechanical/SimpleShaft.kt:44:33 Unresolved reference: xCoord
e: file:///Users/aiw.robson/Documents/Projects/ElectricalAge2/src/main/kotlin/mods/eln/mechanical/SimpleShaft.kt:45:33 Unresolved reference: yCoord
e: file:///Users/aiw.robson/Documents/Projects/ElectricalAge2/src/main/kotlin/mods/eln/mechanical/SimpleShaft.kt:46:33 Unresolved reference: zCoord
e: file:///Users/aiw.robson/Documents/Projects/ElectricalAge2/src/main/kotlin/mods/eln/mechanical/SimpleShaft.kt:57:5 'renderItem' overrides nothing
e: file:///Users/aiw.robson/Documents/Projects/ElectricalAge2/src/main/kotlin/mods/eln/mechanical/SimpleShaft.kt:57:35 Unresolved reference: IItemRenderer
e: file:///Users/aiw.robson/Documents/Projects/ElectricalAge2/src/main/kotlin/mods/eln/mechanical/SimpleShaft.kt:58:21 Unresolved reference: IItemRenderer
e: file:///Users/aiw.robson/Documents/Projects/ElectricalAge2/src/main/kotlin/mods/eln/mechanical/SimpleShaft.kt:59:19 Unresolved reference: renderItem
e: file:///Users/aiw.robson/Documents/Projects/ElectricalAge2/src/main/kotlin/mods/eln/mechanical/SimpleShaft.kt:71:5 'handleRenderType' overrides nothing
e: file:///Users/aiw.robson/Documents/Projects/ElectricalAge2/src/main/kotlin/mods/eln/mechanical/SimpleShaft.kt:71:58 Unresolved reference: IItemRenderer
e: file:///Users/aiw.robson/Documents/Projects/ElectricalAge2/src/main/kotlin/mods/eln/mechanical/SimpleShaft.kt:72:5 'shouldUseRenderHelper' overrides nothing
e: file:///Users/aiw.robson/Documents/Projects/ElectricalAge2/src/main/kotlin/mods/eln/mechanical/SimpleShaft.kt:72:46 Unresolved reference: IItemRenderer
e: file:///Users/aiw.robson/Documents/Projects/ElectricalAge2/src/main/kotlin/mods/eln/mechanical/SimpleShaft.kt:72:101 Unresolved reference: IItemRenderer
e: file:///Users/aiw.robson/Documents/Projects/ElectricalAge2/src/main/kotlin/mods/eln/mechanical/SimpleShaft.kt:73:17 Unresolved reference: IItemRenderer
e: file:///Users/aiw.robson/Documents/Projects/ElectricalAge2/src/main/kotlin/mods/eln/mechanical/SimpleShaft.kt:76:32 Unresolved reference: TransparentNodeEntity
e: file:///Users/aiw.robson/Documents/Projects/ElectricalAge2/src/main/kotlin/mods/eln/mechanical/SimpleShaft.kt:169:27 Unresolved reference: setGlColorFromDye
e: file:///Users/aiw.robson/Documents/Projects/ElectricalAge2/src/main/kotlin/mods/eln/mechanical/SimpleShaft.kt:249:22 Unresolved reference: plotER
e: file:///Users/aiw.robson/Documents/Projects/ElectricalAge2/src/main/kotlin/mods/eln/mechanical/StraightJoint.kt:28:37 Unresolved reference: plotRads
e: file:///Users/aiw.robson/Documents/Projects/ElectricalAge2/src/main/kotlin/mods/eln/mechanical/Tachometer.kt:28:33 Unresolved reference: GuiButton
e: file:///Users/aiw.robson/Documents/Projects/ElectricalAge2/src/main/kotlin/mods/eln/mechanical/Tachometer.kt:29:33 Unresolved reference: Screen
e: file:///Users/aiw.robson/Documents/Projects/ElectricalAge2/src/main/kotlin/mods/eln/mechanical/Tachometer.kt:71:107 Function invocation 'inverse()' expected
e: file:///Users/aiw.robson/Documents/Projects/ElectricalAge2/src/main/kotlin/mods/eln/mechanical/Tachometer.kt:107:13 Unresolved reference: setFloat
e: file:///Users/aiw.robson/Documents/Projects/ElectricalAge2/src/main/kotlin/mods/eln/mechanical/Tachometer.kt:108:13 Unresolved reference: setFloat
e: file:///Users/aiw.robson/Documents/Projects/ElectricalAge2/src/main/kotlin/mods/eln/mechanical/Tachometer.kt:120:21 Unresolved reference: hasKey
e: file:///Users/aiw.robson/Documents/Projects/ElectricalAge2/src/main/kotlin/mods/eln/mechanical/Tachometer.kt:122:21 Unresolved reference: hasKey
e: file:///Users/aiw.robson/Documents/Projects/ElectricalAge2/src/main/kotlin/mods/eln/mechanical/Tachometer.kt:128:18 Unresolved reference: setFloat
e: file:///Users/aiw.robson/Documents/Projects/ElectricalAge2/src/main/kotlin/mods/eln/mechanical/Tachometer.kt:129:18 Unresolved reference: setFloat
e: file:///Users/aiw.robson/Documents/Projects/ElectricalAge2/src/main/kotlin/mods/eln/mechanical/Tachometer.kt:130:18 Unresolved reference: setByte
e: file:///Users/aiw.robson/Documents/Projects/ElectricalAge2/src/main/kotlin/mods/eln/mechanical/Tachometer.kt:153:63 Unresolved reference: Screen
e: file:///Users/aiw.robson/Documents/Projects/ElectricalAge2/src/main/kotlin/mods/eln/mechanical/Tachometer.kt:157:19 Unresolved reference: GuiButton
e: file:///Users/aiw.robson/Documents/Projects/ElectricalAge2/src/main/kotlin/mods/eln/mechanical/Tachometer.kt:157:32 Property delegate must have a 'getValue(TachometerGui, KProperty<*>)' method. None of the following functions is suitable: 
public inline operator fun <T> Lazy<GuiButtonEln>.getValue(thisRef: Any?, property: KProperty<*>): GuiButtonEln defined in kotlin
e: file:///Users/aiw.robson/Documents/Projects/ElectricalAge2/src/main/kotlin/mods/eln/mechanical/Tachometer.kt:161:31 Return type of 'newHelper' is not a subtype of the return type of the overridden member 'public open fun newHelper(): GuiHelperContainer defined in mods.eln.gui.ScreenEln'
e: file:///Users/aiw.robson/Documents/Projects/ElectricalAge2/src/main/kotlin/mods/eln/mechanical/Tachometer.kt:165:18 Variable expected
e: file:///Users/aiw.robson/Documents/Projects/ElectricalAge2/src/main/kotlin/mods/eln/mechanical/Tachometer.kt:168:26 Type mismatch: inferred type is Float but String was expected
e: file:///Users/aiw.robson/Documents/Projects/ElectricalAge2/src/main/kotlin/mods/eln/mechanical/Tachometer.kt:169:27 Type mismatch: inferred type is Float but String was expected
e: file:///Users/aiw.robson/Documents/Projects/ElectricalAge2/src/main/kotlin/mods/eln/mechanical/Tachometer.kt:172:5 'guiObjectEvent' overrides nothing
e: file:///Users/aiw.robson/Documents/Projects/ElectricalAge2/src/main/kotlin/mods/eln/mechanical/Tachometer.kt:173:30 Type mismatch: inferred type is IGuiObject? but Int was expected
e: file:///Users/aiw.robson/Documents/Projects/ElectricalAge2/src/main/kotlin/mods/eln/mechanical/Turbines.kt:72:24 Unresolved reference: plotRads
e: file:///Users/aiw.robson/Documents/Projects/ElectricalAge2/src/main/kotlin/mods/eln/mechanical/Turbines.kt:73:24 Unresolved reference: plotRads
e: file:///Users/aiw.robson/Documents/Projects/ElectricalAge2/src/main/kotlin/mods/eln/mechanical/Turbines.kt:146:42 Unresolved reference: heatEnergyPerMilliBucket
e: file:///Users/aiw.robson/Documents/Projects/ElectricalAge2/src/main/kotlin/mods/eln/mechanical/Turbines.kt:192:37 Unresolved reference: plotRads
e: file:///Users/aiw.robson/Documents/Projects/ElectricalAge2/src/main/kotlin/mods/eln/mechanical/VerticalHub.kt:40:25 Unresolved reference: xCoord
e: file:///Users/aiw.robson/Documents/Projects/ElectricalAge2/src/main/kotlin/mods/eln/mechanical/VerticalHub.kt:41:25 Unresolved reference: yCoord
e: file:///Users/aiw.robson/Documents/Projects/ElectricalAge2/src/main/kotlin/mods/eln/mechanical/VerticalHub.kt:42:25 Unresolved reference: zCoord
e: file:///Users/aiw.robson/Documents/Projects/ElectricalAge2/src/main/kotlin/mods/eln/mechanical/VerticalHub.kt:49:44 Unresolved reference: axes
e: file:///Users/aiw.robson/Documents/Projects/ElectricalAge2/src/main/kotlin/mods/eln/mechanical/VerticalHub.kt:51:26 Overload resolution ambiguity: 
public inline fun <T> Iterable<TypeVariable(T)>.forEach(action: (TypeVariable(T)) -> Unit): Unit defined in kotlin.collections
public inline fun <K, V> Map<out TypeVariable(K), TypeVariable(V)>.forEach(action: (Map.Entry<TypeVariable(K), TypeVariable(V)>) -> Unit): Unit defined in kotlin.collections
e: file:///Users/aiw.robson/Documents/Projects/ElectricalAge2/src/main/kotlin/mods/eln/mechanical/VerticalHub.kt:51:48 Expression expected, but a package name found
e: file:///Users/aiw.robson/Documents/Projects/ElectricalAge2/src/main/kotlin/mods/eln/mechanical/VerticalHub.kt:121:21 Unresolved reference: block
e: file:///Users/aiw.robson/Documents/Projects/ElectricalAge2/src/main/kotlin/mods/eln/node/NodeBase.kt:158:42 Only safe (?.) or non-null asserted (!!.) calls are allowed on a nullable receiver of type GenericItemUsingDamageDescriptor?
e: file:///Users/aiw.robson/Documents/Projects/ElectricalAge2/src/main/kotlin/mods/eln/node/NodeBase.kt:163:43 Only safe (?.) or non-null asserted (!!.) calls are allowed on a nullable receiver of type GenericItemUsingDamageDescriptor?
e: file:///Users/aiw.robson/Documents/Projects/ElectricalAge2/src/main/kotlin/mods/eln/node/NodeBase.kt:168:40 Only safe (?.) or non-null asserted (!!.) calls are allowed on a nullable receiver of type GenericItemUsingDamageDescriptor?
e: file:///Users/aiw.robson/Documents/Projects/ElectricalAge2/src/main/kotlin/mods/eln/node/NodeBase.kt:177:46 Only safe (?.) or non-null asserted (!!.) calls are allowed on a nullable receiver of type GenericItemUsingDamageDescriptor?
e: file:///Users/aiw.robson/Documents/Projects/ElectricalAge2/src/main/kotlin/mods/eln/node/NodeBase.kt:428:40 Unresolved reference: GameRules
e: file:///Users/aiw.robson/Documents/Projects/ElectricalAge2/src/main/kotlin/mods/eln/node/six/SixNode.kt:75:41 Only safe (?.) or non-null asserted (!!.) calls are allowed on a nullable receiver of type SixNodeItem?
e: file:///Users/aiw.robson/Documents/Projects/ElectricalAge2/src/main/kotlin/mods/eln/node/six/SixNode.kt:149:53 Only safe (?.) or non-null asserted (!!.) calls are allowed on a nullable receiver of type SixNodeItem?
e: file:///Users/aiw.robson/Documents/Projects/ElectricalAge2/src/main/kotlin/mods/eln/node/six/SixNodeElementInventory.kt:115:5 'hasCustomInventoryName' overrides nothing
e: file:///Users/aiw.robson/Documents/Projects/ElectricalAge2/src/main/kotlin/mods/eln/node/six/SixNodeItemSlot.kt:18:5 'isItemValid' overrides nothing
e: file:///Users/aiw.robson/Documents/Projects/ElectricalAge2/src/main/kotlin/mods/eln/node/six/SixNodeItemSlot.kt:27:5 'getSlotStackLimit' overrides nothing
e: file:///Users/aiw.robson/Documents/Projects/ElectricalAge2/src/main/kotlin/mods/eln/ore/OreDescriptor.kt:14:43 Type mismatch: inferred type is String? but String was expected
e: file:///Users/aiw.robson/Documents/Projects/ElectricalAge2/src/main/kotlin/mods/eln/ore/OreDescriptor.kt:25:14 Unresolved reference: addOre
e: file:///Users/aiw.robson/Documents/Projects/ElectricalAge2/src/main/kotlin/mods/eln/ore/OreItem.kt:8:5 'addDescriptor' in 'GenericItemBlockUsingDamage' is final and cannot be overridden
e: file:///Users/aiw.robson/Documents/Projects/ElectricalAge2/src/main/kotlin/mods/eln/packets/AchievePacketHandler.kt:11:44 Unresolved reference: triggerAchievement
e: file:///Users/aiw.robson/Documents/Projects/ElectricalAge2/src/main/kotlin/mods/eln/packets/AchievePacketHandler.kt:11:76 Unresolved reference: openGuide
e: file:///Users/aiw.robson/Documents/Projects/ElectricalAge2/src/main/kotlin/mods/eln/packets/AchievePacketHandler.kt:13:44 Unresolved reference: triggerAchievement
e: file:///Users/aiw.robson/Documents/Projects/ElectricalAge2/src/main/kotlin/mods/eln/packets/AchievePacketHandler.kt:13:76 Unresolved reference: craft50VMacerator
e: file:///Users/aiw.robson/Documents/Projects/ElectricalAge2/src/main/kotlin/mods/eln/registration/SingleNodeRegistration.kt:38:24 Unresolved reference: addMapping
e: file:///Users/aiw.robson/Documents/Projects/ElectricalAge2/src/main/kotlin/mods/eln/registration/SingleNodeRegistration.kt:52:24 Unresolved reference: addMapping
e: file:///Users/aiw.robson/Documents/Projects/ElectricalAge2/src/main/kotlin/mods/eln/registration/SingleNodeRegistration.kt:65:17 Smart cast to 'EnergyConverterElnToOtherBlock' is impossible, because 'Eln.instance.elnToOtherBlockConverter' is a complex expression
e: file:///Users/aiw.robson/Documents/Projects/ElectricalAge2/src/main/kotlin/mods/eln/registration/SingleNodeRegistration.kt:66:44 Smart cast to 'EnergyConverterElnToOtherBlock' is impossible, because 'Eln.instance.elnToOtherBlockConverter' is a complex expression
e: file:///Users/aiw.robson/Documents/Projects/ElectricalAge2/src/main/kotlin/mods/eln/registration/TransparentNodeRegistration.kt:1004:63 Unresolved reference: tFloor
e: file:///Users/aiw.robson/Documents/Projects/ElectricalAge2/src/main/kotlin/mods/eln/server/DelayedBlockRemove.kt:29:17 Unresolved reference: delayedTask
e: file:///Users/aiw.robson/Documents/Projects/ElectricalAge2/src/main/kotlin/mods/eln/server/OreRegenerate.kt:49:81 Unresolved reference: oreBlock
e: file:///Users/aiw.robson/Documents/Projects/ElectricalAge2/src/main/kotlin/mods/eln/sim/nbt/NbtBatteryProcess.kt:28:13 Unresolved reference: setDouble
e: file:///Users/aiw.robson/Documents/Projects/ElectricalAge2/src/main/kotlin/mods/eln/sim/nbt/NbtBatteryProcess.kt:29:13 Unresolved reference: setDouble
e: file:///Users/aiw.robson/Documents/Projects/ElectricalAge2/src/main/kotlin/mods/eln/sim/process/destruct/ValueWatchdog.kt:33:44 Unresolved reference: rand
e: file:///Users/aiw.robson/Documents/Projects/ElectricalAge2/src/main/kotlin/mods/eln/sim/process/destruct/ValueWatchdog.kt:40:17 Too many arguments for public final fun println(message: Any?): Unit defined in mods.eln.misc.Utils
e: file:///Users/aiw.robson/Documents/Projects/ElectricalAge2/src/main/kotlin/mods/eln/sim/process/destruct/ValueWatchdog.kt:41:17 Too many arguments for public final fun println(message: Any?): Unit defined in mods.eln.misc.Utils
e: file:///Users/aiw.robson/Documents/Projects/ElectricalAge2/src/main/kotlin/mods/eln/sim/process/heater/ElectricalLoadHeatThermalLoad.kt:8:7 Redeclaration: ElectricalLoadHeatThermalLoad
e: file:///Users/aiw.robson/Documents/Projects/ElectricalAge2/src/main/kotlin/mods/eln/simplenode/DeviceProbe.kt:214:78 Type mismatch: inferred type is String but BlockEntityType<*> was expected
e: file:///Users/aiw.robson/Documents/Projects/ElectricalAge2/src/main/kotlin/mods/eln/simplenode/DeviceProbe.kt:214:96 Type mismatch: inferred type is BlockPos but String was expected
e: file:///Users/aiw.robson/Documents/Projects/ElectricalAge2/src/main/kotlin/mods/eln/simplenode/DeviceProbe.kt:214:101 Type mismatch: inferred type is BlockState but BlockPos was expected
e: file:///Users/aiw.robson/Documents/Projects/ElectricalAge2/src/main/kotlin/mods/eln/simplenode/DeviceProbe.kt:214:101 No value passed for parameter 'state'
e: file:///Users/aiw.robson/Documents/Projects/ElectricalAge2/src/main/kotlin/mods/eln/simplenode/energyconverter/EnergyConverterElnToOtherEntity.kt:30:92 Type mismatch: inferred type is String but BlockEntityType<*> was expected
e: file:///Users/aiw.robson/Documents/Projects/ElectricalAge2/src/main/kotlin/mods/eln/simplenode/energyconverter/EnergyConverterElnToOtherEntity.kt:30:106 Type mismatch: inferred type is BlockPos but String was expected
e: file:///Users/aiw.robson/Documents/Projects/ElectricalAge2/src/main/kotlin/mods/eln/simplenode/energyconverter/EnergyConverterElnToOtherEntity.kt:30:111 Type mismatch: inferred type is BlockState but BlockPos was expected
e: file:///Users/aiw.robson/Documents/Projects/ElectricalAge2/src/main/kotlin/mods/eln/simplenode/energyconverter/EnergyConverterElnToOtherEntity.kt:30:111 No value passed for parameter 'state'
e: file:///Users/aiw.robson/Documents/Projects/ElectricalAge2/src/main/kotlin/mods/eln/simplenode/energyconverter/EnergyConverterElnToOtherFireWallIc2.kt:25:56 Unresolved reference: isClient
e: file:///Users/aiw.robson/Documents/Projects/ElectricalAge2/src/main/kotlin/mods/eln/sixnode/AnalogChips.kt:857:13 Operator '===' cannot be applied to 'IGuiObject' and 'GuiVerticalCustomValuesBar?'
e: file:///Users/aiw.robson/Documents/Projects/ElectricalAge2/src/main/kotlin/mods/eln/sixnode/CurrentSourceSix.kt:158:31 Return type of 'newHelper' is not a subtype of the return type of the overridden member 'public open fun newHelper(): GuiHelperContainer defined in mods.eln.gui.ScreenEln'
e: file:///Users/aiw.robson/Documents/Projects/ElectricalAge2/src/main/kotlin/mods/eln/sixnode/CurrentSourceSix.kt:166:31 Type mismatch: inferred type is CurrentSourceGui but GuiTextFieldEln.GuiTextFieldElnObserver was expected
e: file:///Users/aiw.robson/Documents/Projects/ElectricalAge2/src/main/kotlin/mods/eln/sixnode/CurrentSourceSix.kt:167:30 Type mismatch: inferred type is List<String> but Array<String> was expected
e: file:///Users/aiw.robson/Documents/Projects/ElectricalAge2/src/main/kotlin/mods/eln/sixnode/CurrentSourceSix.kt:170:5 'textFieldNewValue' overrides nothing
e: file:///Users/aiw.robson/Documents/Projects/ElectricalAge2/src/main/kotlin/mods/eln/sixnode/ElectricalFuse.kt:49:78 Unresolved reference: ElectricalCableDescriptor
e: file:///Users/aiw.robson/Documents/Projects/ElectricalAge2/src/main/kotlin/mods/eln/sixnode/ElectricalFuse.kt:220:72 Type mismatch: inferred type is ItemStack? but ItemStack was expected
e: file:///Users/aiw.robson/Documents/Projects/ElectricalAge2/src/main/kotlin/mods/eln/sixnode/ElectricalVuMeter.kt:219:96 Unresolved reference: tileEntity
e: file:///Users/aiw.robson/Documents/Projects/ElectricalAge2/src/main/kotlin/mods/eln/sixnode/ElectricalVuMeter.kt:249:50 Only safe (?.) or non-null asserted (!!.) calls are allowed on a nullable receiver of type ElectricalCableDescriptor?
e: file:///Users/aiw.robson/Documents/Projects/ElectricalAge2/src/main/kotlin/mods/eln/sixnode/EmergencyLamp.kt:291:5 'guiObjectEvent' overrides nothing
e: file:///Users/aiw.robson/Documents/Projects/ElectricalAge2/src/main/kotlin/mods/eln/sixnode/PortableNaN.kt:28:9 Val cannot be reassigned
e: file:///Users/aiw.robson/Documents/Projects/ElectricalAge2/src/main/kotlin/mods/eln/sixnode/PowerSinkSix.kt:170:30 Type mismatch: inferred type is List<String> but Array<String> was expected
e: file:///Users/aiw.robson/Documents/Projects/ElectricalAge2/src/main/kotlin/mods/eln/sixnode/PowerSourceSix.kt:165:30 Type mismatch: inferred type is List<String> but Array<String> was expected
e: file:///Users/aiw.robson/Documents/Projects/ElectricalAge2/src/main/kotlin/mods/eln/sixnode/Scanner.kt:76:28 Only safe (?.) or non-null asserted (!!.) calls are allowed on a nullable receiver of type SixNode?
e: file:///Users/aiw.robson/Documents/Projects/ElectricalAge2/src/main/kotlin/mods/eln/sixnode/Scanner.kt:213:105 Only safe (?.) or non-null asserted (!!.) calls are allowed on a nullable receiver of type ElectricalCableDescriptor?
e: file:///Users/aiw.robson/Documents/Projects/ElectricalAge2/src/main/kotlin/mods/eln/sixnode/currentcable/CurrentCable.kt:235:45 Only safe (?.) or non-null asserted (!!.) calls are allowed on a nullable receiver of type SixNode?
e: file:///Users/aiw.robson/Documents/Projects/ElectricalAge2/src/main/kotlin/mods/eln/sixnode/currentcable/CurrentCable.kt:243:53 Only safe (?.) or non-null asserted (!!.) calls are allowed on a nullable receiver of type SixNode?
e: file:///Users/aiw.robson/Documents/Projects/ElectricalAge2/src/main/kotlin/mods/eln/sixnode/diode/DiodeDescriptor.kt:21:34 Unresolved reference: IItemRenderer
e: file:///Users/aiw.robson/Documents/Projects/ElectricalAge2/src/main/kotlin/mods/eln/sixnode/diode/DiodeDescriptor.kt:22:34 Unresolved reference: IItemRenderer
e: file:///Users/aiw.robson/Documents/Projects/ElectricalAge2/src/main/kotlin/mods/eln/sixnode/diode/DiodeDescriptor.kt:56:5 'shouldUseRenderHelper' overrides nothing
e: file:///Users/aiw.robson/Documents/Projects/ElectricalAge2/src/main/kotlin/mods/eln/sixnode/diode/DiodeDescriptor.kt:56:46 Unresolved reference: ItemRenderType
e: file:///Users/aiw.robson/Documents/Projects/ElectricalAge2/src/main/kotlin/mods/eln/sixnode/diode/DiodeDescriptor.kt:56:87 Unresolved reference: ItemRendererHelper
e: file:///Users/aiw.robson/Documents/Projects/ElectricalAge2/src/main/kotlin/mods/eln/sixnode/diode/DiodeDescriptor.kt:57:24 Unresolved reference: ItemRenderType
e: file:///Users/aiw.robson/Documents/Projects/ElectricalAge2/src/main/kotlin/mods/eln/sixnode/diode/DiodeDescriptor.kt:60:5 'handleRenderType' overrides nothing
e: file:///Users/aiw.robson/Documents/Projects/ElectricalAge2/src/main/kotlin/mods/eln/sixnode/diode/DiodeDescriptor.kt:60:58 Unresolved reference: ItemRenderType
e: file:///Users/aiw.robson/Documents/Projects/ElectricalAge2/src/main/kotlin/mods/eln/sixnode/diode/DiodeDescriptor.kt:64:5 'shouldUseRenderHelperEln' overrides nothing
e: file:///Users/aiw.robson/Documents/Projects/ElectricalAge2/src/main/kotlin/mods/eln/sixnode/diode/DiodeDescriptor.kt:64:49 Unresolved reference: ItemRenderType
e: file:///Users/aiw.robson/Documents/Projects/ElectricalAge2/src/main/kotlin/mods/eln/sixnode/diode/DiodeDescriptor.kt:64:90 Unresolved reference: ItemRendererHelper
e: file:///Users/aiw.robson/Documents/Projects/ElectricalAge2/src/main/kotlin/mods/eln/sixnode/diode/DiodeDescriptor.kt:65:24 Unresolved reference: ItemRenderType
e: file:///Users/aiw.robson/Documents/Projects/ElectricalAge2/src/main/kotlin/mods/eln/sixnode/diode/DiodeDescriptor.kt:68:5 'renderItem' overrides nothing
e: file:///Users/aiw.robson/Documents/Projects/ElectricalAge2/src/main/kotlin/mods/eln/sixnode/diode/DiodeDescriptor.kt:68:35 Unresolved reference: ItemRenderType
e: file:///Users/aiw.robson/Documents/Projects/ElectricalAge2/src/main/kotlin/mods/eln/sixnode/diode/DiodeDescriptor.kt:69:21 Unresolved reference: ItemRenderType
e: file:///Users/aiw.robson/Documents/Projects/ElectricalAge2/src/main/kotlin/mods/eln/sixnode/diode/DiodeDescriptor.kt:70:19 Unresolved reference: renderItem
e: file:///Users/aiw.robson/Documents/Projects/ElectricalAge2/src/main/kotlin/mods/eln/sixnode/diode/DiodeDescriptor.kt:74:32 Unresolved reference: f
e: file:///Users/aiw.robson/Documents/Projects/ElectricalAge2/src/main/kotlin/mods/eln/sixnode/diode/DiodeDescriptor.kt:74:37 Unresolved reference: f
e: file:///Users/aiw.robson/Documents/Projects/ElectricalAge2/src/main/kotlin/mods/eln/sixnode/diode/DiodeDescriptor.kt:74:42 Unresolved reference: f
e: file:///Users/aiw.robson/Documents/Projects/ElectricalAge2/src/main/kotlin/mods/eln/sixnode/diode/DiodeDescriptor.kt:74:47 Unresolved reference: f
e: file:///Users/aiw.robson/Documents/Projects/ElectricalAge2/src/main/kotlin/mods/eln/sixnode/diode/DiodeDescriptor.kt:91:5 'addInformation' overrides nothing
e: file:///Users/aiw.robson/Documents/Projects/ElectricalAge2/src/main/kotlin/mods/eln/sixnode/diode/DiodeDescriptor.kt:92:15 Unresolved reference: addInformation
e: file:///Users/aiw.robson/Documents/Projects/ElectricalAge2/src/main/kotlin/mods/eln/sixnode/diode/DiodeDescriptor.kt:96:5 'addRealismContext' overrides nothing
e: file:///Users/aiw.robson/Documents/Projects/ElectricalAge2/src/main/kotlin/mods/eln/sixnode/diode/DiodeDescriptor.kt:97:15 Unresolved reference: addRealismContext
e: file:///Users/aiw.robson/Documents/Projects/ElectricalAge2/src/main/kotlin/mods/eln/sixnode/electricalcable/ElectricalCableDescriptor.kt:9:25 Unresolved reference: MnaConst
e: file:///Users/aiw.robson/Documents/Projects/ElectricalAge2/src/main/kotlin/mods/eln/sixnode/electricalcable/ElectricalCableDescriptor.kt:80:24 Unresolved reference: MnaConst
e: file:///Users/aiw.robson/Documents/Projects/ElectricalAge2/src/main/kotlin/mods/eln/sixnode/electricalcable/ElectricalCableElement.kt:71:5 'load' overrides nothing
e: file:///Users/aiw.robson/Documents/Projects/ElectricalAge2/src/main/kotlin/mods/eln/sixnode/electricalcable/ElectricalCableElement.kt:72:15 Unresolved reference: load
e: file:///Users/aiw.robson/Documents/Projects/ElectricalAge2/src/main/kotlin/mods/eln/sixnode/electricalcable/ElectricalCableElement.kt:78:5 'saveAdditional' overrides nothing
e: file:///Users/aiw.robson/Documents/Projects/ElectricalAge2/src/main/kotlin/mods/eln/sixnode/electricalcable/ElectricalCableElement.kt:79:15 Unresolved reference: saveAdditional
e: file:///Users/aiw.robson/Documents/Projects/ElectricalAge2/src/main/kotlin/mods/eln/sixnode/electricalfiredetector/ElectricalFireDetectorRender.kt:76:81 Only safe (?.) or non-null asserted (!!.) calls are allowed on a nullable receiver of type ElectricalCableDescriptor?
e: file:///Users/aiw.robson/Documents/Projects/ElectricalAge2/src/main/kotlin/mods/eln/sixnode/electricalfiredetector/ElectricalFireDetectorSlowProcess.kt:61:83 Only safe (?.) or non-null asserted (!!.) calls are allowed on a nullable receiver of type SixNode?
e: file:///Users/aiw.robson/Documents/Projects/ElectricalAge2/src/main/kotlin/mods/eln/sixnode/electricalfiredetector/ElectricalFireDetectorSlowProcess.kt:61:135 Only safe (?.) or non-null asserted (!!.) calls are allowed on a nullable receiver of type SixNode?
e: file:///Users/aiw.robson/Documents/Projects/ElectricalAge2/src/main/kotlin/mods/eln/sixnode/electricalfiredetector/ElectricalFireDetectorSlowProcess.kt:61:187 Only safe (?.) or non-null asserted (!!.) calls are allowed on a nullable receiver of type SixNode?
e: file:///Users/aiw.robson/Documents/Projects/ElectricalAge2/src/main/kotlin/mods/eln/sixnode/electricalfiredetector/ElectricalFireDetectorSlowProcess.kt:61:239 Only safe (?.) or non-null asserted (!!.) calls are allowed on a nullable receiver of type SixNode?
e: file:///Users/aiw.robson/Documents/Projects/ElectricalAge2/src/main/kotlin/mods/eln/sixnode/electricalfiredetector/ElectricalFireDetectorSlowProcess.kt:74:99 Only safe (?.) or non-null asserted (!!.) calls are allowed on a nullable receiver of type SixNode?
e: file:///Users/aiw.robson/Documents/Projects/ElectricalAge2/src/main/kotlin/mods/eln/sixnode/lampsocket/LampSocketContainer.kt:4:22 Unresolved reference: LampSlot
e: file:///Users/aiw.robson/Documents/Projects/ElectricalAge2/src/main/kotlin/mods/eln/sixnode/lampsocket/LampSocketContainer.kt:14:5 Unresolved reference: LampSlot
e: file:///Users/aiw.robson/Documents/Projects/ElectricalAge2/src/main/kotlin/mods/eln/sixnode/lampsocket/LampSocketElement.kt:18:21 Unresolved reference: MonsterPopFreeProcess
e: file:///Users/aiw.robson/Documents/Projects/ElectricalAge2/src/main/kotlin/mods/eln/sixnode/lampsocket/LampSocketElement.kt:38:33 Unresolved reference: MonsterPopFreeProcess
e: file:///Users/aiw.robson/Documents/Projects/ElectricalAge2/src/main/kotlin/mods/eln/sixnode/lampsocket/LampSocketElement.kt:38:91 Unresolved reference: killMonstersAroundLampsRange
e: file:///Users/aiw.robson/Documents/Projects/ElectricalAge2/src/main/kotlin/mods/eln/sixnode/lampsocket/LampSocketElement.kt:59:9 Val cannot be reassigned
e: file:///Users/aiw.robson/Documents/Projects/ElectricalAge2/src/main/kotlin/mods/eln/sixnode/lampsocket/LampSocketElement.kt:64:30 Type mismatch: inferred type is Float but Double was expected
e: file:///Users/aiw.robson/Documents/Projects/ElectricalAge2/src/main/kotlin/mods/eln/sixnode/lampsocket/LampSocketElement.kt:203:39 Return type of 'thermoMeterString' is not a subtype of the return type of the overridden member 'public open fun thermoMeterString(): String defined in mods.eln.node.six.SixNodeElement'
e: file:///Users/aiw.robson/Documents/Projects/ElectricalAge2/src/main/kotlin/mods/eln/sixnode/lampsocket/LampSocketElement.kt:251:29 Expression 'nextClockwise' of type 'LRDU' cannot be invoked as a function. The function 'invoke()' is not found
e: file:///Users/aiw.robson/Documents/Projects/ElectricalAge2/src/main/kotlin/mods/eln/sixnode/lampsocket/LampSocketElement.kt:253:33 Expression 'nextClockwise' of type 'LRDU' cannot be invoked as a function. The function 'invoke()' is not found
e: file:///Users/aiw.robson/Documents/Projects/ElectricalAge2/src/main/kotlin/mods/eln/sixnode/lampsocket/LampSocketGui.kt:30:32 Unresolved reference: newGuiButton
e: file:///Users/aiw.robson/Documents/Projects/ElectricalAge2/src/main/kotlin/mods/eln/sixnode/lampsocket/LampSocketGui.kt:31:23 Unresolved reference: newGuiTextField
e: file:///Users/aiw.robson/Documents/Projects/ElectricalAge2/src/main/kotlin/mods/eln/sixnode/lampsocket/LampSocketGui.kt:33:32 Unresolved reference: newGuiButton
e: file:///Users/aiw.robson/Documents/Projects/ElectricalAge2/src/main/kotlin/mods/eln/sixnode/lampsocket/LampSocketGui.kt:34:23 Unresolved reference: newGuiTextField
e: file:///Users/aiw.robson/Documents/Projects/ElectricalAge2/src/main/kotlin/mods/eln/sixnode/lampsocket/LampSocketGui.kt:37:26 Unresolved reference: newGuiButton
e: file:///Users/aiw.robson/Documents/Projects/ElectricalAge2/src/main/kotlin/mods/eln/sixnode/lampsocket/LampSocketGui.kt:39:30 Type mismatch: inferred type is List<String> but Array<String> was expected
e: file:///Users/aiw.robson/Documents/Projects/ElectricalAge2/src/main/kotlin/mods/eln/sixnode/lampsocket/LampSocketGui.kt:42:18 Unresolved reference: newGuiVerticalTrackBar
e: file:///Users/aiw.robson/Documents/Projects/ElectricalAge2/src/main/kotlin/mods/eln/sixnode/lampsocket/LampSocketGui.kt:48:22 Unresolved reference: visible
e: file:///Users/aiw.robson/Documents/Projects/ElectricalAge2/src/main/kotlin/mods/eln/sixnode/lampsocket/LampSocketGui.kt:52:5 'guiObjectEvent' overrides nothing
e: file:///Users/aiw.robson/Documents/Projects/ElectricalAge2/src/main/kotlin/mods/eln/sixnode/lampsocket/LampSocketGui.kt:53:30 Type mismatch: inferred type is IGuiObject but Int was expected
e: file:///Users/aiw.robson/Documents/Projects/ElectricalAge2/src/main/kotlin/mods/eln/sixnode/lampsocket/LampSocketProcess.kt:43:36 Unresolved reference: sixNode
e: file:///Users/aiw.robson/Documents/Projects/ElectricalAge2/src/main/kotlin/mods/eln/sixnode/lampsocket/LampSocketProcess.kt:207:44 Unresolved reference: addToRp
e: file:///Users/aiw.robson/Documents/Projects/ElectricalAge2/src/main/kotlin/mods/eln/sixnode/powersocket/PowerSocketElement.kt:5:22 Unresolved reference: IConfigurable
e: file:///Users/aiw.robson/Documents/Projects/ElectricalAge2/src/main/kotlin/mods/eln/sixnode/powersocket/PowerSocketElement.kt:27:16 Conflicting import, imported name 'DataOutputStream' is ambiguous
e: file:///Users/aiw.robson/Documents/Projects/ElectricalAge2/src/main/kotlin/mods/eln/sixnode/powersocket/PowerSocketElement.kt:28:16 Conflicting import, imported name 'IOException' is ambiguous
e: file:///Users/aiw.robson/Documents/Projects/ElectricalAge2/src/main/kotlin/mods/eln/sixnode/powersocket/PowerSocketElement.kt:31:16 Conflicting import, imported name 'DataOutputStream' is ambiguous
e: file:///Users/aiw.robson/Documents/Projects/ElectricalAge2/src/main/kotlin/mods/eln/sixnode/powersocket/PowerSocketElement.kt:32:16 Conflicting import, imported name 'IOException' is ambiguous
e: file:///Users/aiw.robson/Documents/Projects/ElectricalAge2/src/main/kotlin/mods/eln/sixnode/powersocket/PowerSocketElement.kt:36:4 Unresolved reference: IConfigurable
e: file:///Users/aiw.robson/Documents/Projects/ElectricalAge2/src/main/kotlin/mods/eln/sixnode/powersocket/PowerSocketElement.kt:175:5 'readConfigTool' overrides nothing
e: file:///Users/aiw.robson/Documents/Projects/ElectricalAge2/src/main/kotlin/mods/eln/sixnode/powersocket/PowerSocketElement.kt:185:5 'writeConfigTool' overrides nothing
e: file:///Users/aiw.robson/Documents/Projects/ElectricalAge2/src/main/kotlin/mods/eln/transparentnode/ArcFurnace.kt:108:36 Unresolved reference: TransparentNodeEntity
e: file:///Users/aiw.robson/Documents/Projects/ElectricalAge2/src/main/kotlin/mods/eln/transparentnode/ArcFurnace.kt:162:17 Unresolved reference: draw
e: file:///Users/aiw.robson/Documents/Projects/ElectricalAge2/src/main/kotlin/mods/eln/transparentnode/DcDc.kt:520:17 Unresolved reference: draw
e: file:///Users/aiw.robson/Documents/Projects/ElectricalAge2/src/main/kotlin/mods/eln/transparentnode/Fabricator.kt:155:33 None of the following functions can be called with the arguments supplied: 
public constructor ItemStack(p0: Holder<Item!>!, p1: Int) defined in net.minecraft.world.item.ItemStack
public constructor ItemStack(p0: ItemLike!, p1: Int) defined in net.minecraft.world.item.ItemStack
e: file:///Users/aiw.robson/Documents/Projects/ElectricalAge2/src/main/kotlin/mods/eln/transparentnode/Fabricator.kt:158:25 None of the following functions can be called with the arguments supplied: 
public constructor ItemStack(p0: Holder<Item!>!, p1: Int) defined in net.minecraft.world.item.ItemStack
public constructor ItemStack(p0: ItemLike!, p1: Int) defined in net.minecraft.world.item.ItemStack
e: file:///Users/aiw.robson/Documents/Projects/ElectricalAge2/src/main/kotlin/mods/eln/transparentnode/Fabricator.kt:245:32 Unresolved reference: TransparentNodeEntity
e: file:///Users/aiw.robson/Documents/Projects/ElectricalAge2/src/main/kotlin/mods/eln/transparentnode/Fabricator.kt:283:17 Unresolved reference: draw
e: file:///Users/aiw.robson/Documents/Projects/ElectricalAge2/src/main/kotlin/mods/eln/transparentnode/Floodlight.kt:97:41 'name' hides member of supertype 'TransparentNodeDescriptor' and needs 'override' modifier
e: file:///Users/aiw.robson/Documents/Projects/ElectricalAge2/src/main/kotlin/mods/eln/transparentnode/FuelGenerator.kt:146:20 Cannot access 'level': it is invisible (private in a supertype) in 'Player'
e: file:///Users/aiw.robson/Documents/Projects/ElectricalAge2/src/main/kotlin/mods/eln/transparentnode/FuelGenerator.kt:167:42 Only safe (?.) or non-null asserted (!!.) calls are allowed on a nullable receiver of type GenericItemUsingDamageDescriptor?
e: file:///Users/aiw.robson/Documents/Projects/ElectricalAge2/src/main/kotlin/mods/eln/transparentnode/FuelGenerator.kt:168:43 Only safe (?.) or non-null asserted (!!.) calls are allowed on a nullable receiver of type GenericItemUsingDamageDescriptor?
e: file:///Users/aiw.robson/Documents/Projects/ElectricalAge2/src/main/kotlin/mods/eln/transparentnode/FuelGenerator.kt:169:40 Only safe (?.) or non-null asserted (!!.) calls are allowed on a nullable receiver of type GenericItemUsingDamageDescriptor?
e: file:///Users/aiw.robson/Documents/Projects/ElectricalAge2/src/main/kotlin/mods/eln/transparentnode/FuelGenerator.kt:208:39 Unresolved reference: TransparentNodeEntity
e: file:///Users/aiw.robson/Documents/Projects/ElectricalAge2/src/main/kotlin/mods/eln/transparentnode/FuelHeatFurnace.kt:262:41 Unresolved reference: TransparentNodeEntity
e: file:///Users/aiw.robson/Documents/Projects/ElectricalAge2/src/main/kotlin/mods/eln/transparentnode/LampSupplyElement.kt:14:17 Unresolved reference: transparentNode
e: file:///Users/aiw.robson/Documents/Projects/ElectricalAge2/src/main/kotlin/mods/eln/transparentnode/LargeRheostat.kt:24:33 Unresolved reference: thermaldissipatorpassive
e: file:///Users/aiw.robson/Documents/Projects/ElectricalAge2/src/main/kotlin/mods/eln/transparentnode/LargeRheostat.kt:38:61 Unresolved reference: ThermalDissipatorPassiveDescriptor
e: file:///Users/aiw.robson/Documents/Projects/ElectricalAge2/src/main/kotlin/mods/eln/transparentnode/LargeRheostat.kt:205:35 Unresolved reference: TransparentNodeEntity
e: file:///Users/aiw.robson/Documents/Projects/ElectricalAge2/src/main/kotlin/mods/eln/transparentnode/NixieTube.kt:138:19 Function invocation 'inverse()' expected
e: file:///Users/aiw.robson/Documents/Projects/ElectricalAge2/src/main/kotlin/mods/eln/transparentnode/NixieTube.kt:183:31 Unresolved reference: TransparentNodeEntity
e: file:///Users/aiw.robson/Documents/Projects/ElectricalAge2/src/main/kotlin/mods/eln/transparentnode/NixieTube.kt:212:27 Unresolved reference: setGlColorFromDye
e: file:///Users/aiw.robson/Documents/Projects/ElectricalAge2/src/main/kotlin/mods/eln/transparentnode/StreetLightWall.kt:141:41 Unresolved reference: TransparentNodeEntity
e: file:///Users/aiw.robson/Documents/Projects/ElectricalAge2/src/main/kotlin/mods/eln/transparentnode/ThermalHeatExchanger.kt:111:24 None of the following functions can be called with the arguments supplied: 
public constructor ElementSidedFluidHandler(tankSizeMb: Int) defined in mods.eln.fluid.ElementSidedFluidHandler
public constructor ElementSidedFluidHandler(tankData: Map<Direction, ElementSidedFluidHandler.TankData>) defined in mods.eln.fluid.ElementSidedFluidHandler
e: file:///Users/aiw.robson/Documents/Projects/ElectricalAge2/src/main/kotlin/mods/eln/transparentnode/VariableDcDc.kt:382:38 Unresolved reference: TransparentNodeEntity
e: file:///Users/aiw.robson/Documents/Projects/ElectricalAge2/src/main/kotlin/mods/eln/transparentnode/VariableDcDc.kt:383:22 Overload resolution ambiguity: 
public constructor Coordinate(other: Coordinate) defined in mods.eln.misc.Coordinate
public constructor Coordinate(tileEntity: BlockEntity) defined in mods.eln.misc.Coordinate
e: file:///Users/aiw.robson/Documents/Projects/ElectricalAge2/src/main/kotlin/mods/eln/transparentnode/autominer/AutoMinerRender.kt:5:46 No value passed for parameter 'context'
e: file:///Users/aiw.robson/Documents/Projects/ElectricalAge2/src/main/kotlin/mods/eln/transparentnode/eggincubator/EggIncubatorRender.kt:13:15 Abstract member cannot be accessed directly
e: file:///Users/aiw.robson/Documents/Projects/ElectricalAge2/src/main/kotlin/mods/eln/transparentnode/electricalantennarx/ElectricalAntennaRxRender.kt:5:56 No value passed for parameter 'context'
e: file:///Users/aiw.robson/Documents/Projects/ElectricalAge2/src/main/kotlin/mods/eln/transparentnode/electricalantennatx/ElectricalAntennaTxRender.kt:5:56 No value passed for parameter 'context'
e: file:///Users/aiw.robson/Documents/Projects/ElectricalAge2/src/main/kotlin/mods/eln/transparentnode/electricalfurnace/ElectricalFurnaceRender.kt:13:15 Abstract member cannot be accessed directly
e: file:///Users/aiw.robson/Documents/Projects/ElectricalAge2/src/main/kotlin/mods/eln/transparentnode/electricalmachine/MagnetizerDescriptor.kt:75:21 Only safe (?.) or non-null asserted (!!.) calls are allowed on a nullable receiver of type ElectricalCableDescriptor?
e: file:///Users/aiw.robson/Documents/Projects/ElectricalAge2/src/main/kotlin/mods/eln/transparentnode/festive/FestiveElement.kt:101:64 Unresolved reference: u
e: file:///Users/aiw.robson/Documents/Projects/ElectricalAge2/src/main/kotlin/mods/eln/transparentnode/festive/FestiveElement.kt:103:25 Assignment operators ambiguity: 
public open fun `<Error function>`(): [Error type: Return type for function cannot be resolved] defined in root package
public open fun `<Error function>`(): [Error type: Return type for function cannot be resolved] defined in root package
e: file:///Users/aiw.robson/Documents/Projects/ElectricalAge2/src/main/kotlin/mods/eln/transparentnode/heatfurnace/HeatFurnaceRender.kt:13:15 Abstract member cannot be accessed directly
e: file:///Users/aiw.robson/Documents/Projects/ElectricalAge2/src/main/kotlin/mods/eln/transparentnode/powercapacitor/PowerCapacitorRender.kt:13:15 Abstract member cannot be accessed directly
e: file:///Users/aiw.robson/Documents/Projects/ElectricalAge2/src/main/kotlin/mods/eln/transparentnode/powerinductor/PowerInductorRender.kt:13:15 Abstract member cannot be accessed directly
e: file:///Users/aiw.robson/Documents/Projects/ElectricalAge2/src/main/kotlin/mods/eln/transparentnode/solarpanel/SolarPanelRender.kt:5:47 No value passed for parameter 'context'
e: file:///Users/aiw.robson/Documents/Projects/ElectricalAge2/src/main/kotlin/mods/eln/transparentnode/teleporter/TeleporterElement.kt:31:5 Conflicting overloads: public open fun initialize(): Unit defined in mods.eln.transparentnode.teleporter.TeleporterElement, public open fun initialize(): Unit defined in mods.eln.transparentnode.teleporter.TeleporterElement
e: file:///Users/aiw.robson/Documents/Projects/ElectricalAge2/src/main/kotlin/mods/eln/transparentnode/teleporter/TeleporterElement.kt:38:56 Type mismatch: inferred type is TransparentNode? but NodeBase was expected
e: file:///Users/aiw.robson/Documents/Projects/ElectricalAge2/src/main/kotlin/mods/eln/transparentnode/teleporter/TeleporterElement.kt:47:20 Only safe (?.) or non-null asserted (!!.) calls are allowed on a nullable receiver of type TransparentNode?
e: file:///Users/aiw.robson/Documents/Projects/ElectricalAge2/src/main/kotlin/mods/eln/transparentnode/teleporter/TeleporterElement.kt:62:5 'onBreakFromWorld' overrides nothing
e: file:///Users/aiw.robson/Documents/Projects/ElectricalAge2/src/main/kotlin/mods/eln/transparentnode/teleporter/TeleporterElement.kt:63:15 Unresolved reference: onBreakFromWorld
e: file:///Users/aiw.robson/Documents/Projects/ElectricalAge2/src/main/kotlin/mods/eln/transparentnode/teleporter/TeleporterElement.kt:67:5 Conflicting overloads: public open fun initialize(): Unit defined in mods.eln.transparentnode.teleporter.TeleporterElement, public open fun initialize(): Unit defined in mods.eln.transparentnode.teleporter.TeleporterElement
e: file:///Users/aiw.robson/Documents/Projects/ElectricalAge2/src/main/kotlin/mods/eln/transparentnode/teleporter/TeleporterRender.kt:24:26 Unresolved reference: setMaxSpeed
e: file:///Users/aiw.robson/Documents/Projects/ElectricalAge2/src/main/kotlin/mods/eln/transparentnode/teleporter/TeleporterRender.kt:28:15 Abstract member cannot be accessed directly
e: file:///Users/aiw.robson/Documents/Projects/ElectricalAge2/src/main/kotlin/mods/eln/transparentnode/teleporter/TeleporterRender.kt:29:14 Only safe (?.) or non-null asserted (!!.) calls are allowed on a nullable receiver of type Direction?
e: file:///Users/aiw.robson/Documents/Projects/ElectricalAge2/src/main/kotlin/mods/eln/transparentnode/themralheatexchanger/ThermalHeatExchangerRender.kt:13:15 Abstract member cannot be accessed directly
e: file:///Users/aiw.robson/Documents/Projects/ElectricalAge2/src/main/kotlin/mods/eln/transparentnode/thermaldissipator/ThermalDissipatorActiveDescriptor.kt:64:14 Unresolved reference: setRs
e: file:///Users/aiw.robson/Documents/Projects/ElectricalAge2/src/main/kotlin/mods/eln/transparentnode/thermaldissipator/ThermalDissipatorActiveElement.kt:34:5 Conflicting overloads: public open fun initialize(): Unit defined in mods.eln.transparentnode.thermaldissipator.ThermalDissipatorActiveElement, public open fun initialize(): Unit defined in mods.eln.transparentnode.thermaldissipator.ThermalDissipatorActiveElement
e: file:///Users/aiw.robson/Documents/Projects/ElectricalAge2/src/main/kotlin/mods/eln/transparentnode/thermaldissipator/ThermalDissipatorActiveElement.kt:42:56 Type mismatch: inferred type is TransparentNode? but NodeBase was expected
e: file:///Users/aiw.robson/Documents/Projects/ElectricalAge2/src/main/kotlin/mods/eln/transparentnode/thermaldissipator/ThermalDissipatorActiveElement.kt:60:5 Conflicting overloads: public open fun initialize(): Unit defined in mods.eln.transparentnode.thermaldissipator.ThermalDissipatorActiveElement, public open fun initialize(): Unit defined in mods.eln.transparentnode.thermaldissipator.ThermalDissipatorActiveElement
e: file:///Users/aiw.robson/Documents/Projects/ElectricalAge2/src/main/kotlin/mods/eln/transparentnode/thermaldissipator/ThermalDissipatorActiveElement.kt:65:5 'writeToPublishPacket' overrides nothing
e: file:///Users/aiw.robson/Documents/Projects/ElectricalAge2/src/main/kotlin/mods/eln/transparentnode/thermaldissipator/ThermalDissipatorActiveElement.kt:66:15 Unresolved reference: writeToPublishPacket
e: file:///Users/aiw.robson/Documents/Projects/ElectricalAge2/src/main/kotlin/mods/eln/transparentnode/thermaldissipator/ThermalDissipatorActiveRender.kt:20:15 Abstract member cannot be accessed directly
e: file:///Users/aiw.robson/Documents/Projects/ElectricalAge2/src/main/kotlin/mods/eln/transparentnode/thermaldissipator/ThermalDissipatorActiveRender.kt:21:14 Only safe (?.) or non-null asserted (!!.) calls are allowed on a nullable receiver of type Direction?
e: file:///Users/aiw.robson/Documents/Projects/ElectricalAge2/src/main/kotlin/mods/eln/transparentnode/thermaldissipator/ThermalDissipatorActiveRender.kt:26:12 Unresolved reference: setTarget
e: file:///Users/aiw.robson/Documents/Projects/ElectricalAge2/src/main/kotlin/mods/eln/transparentnode/thermaldissipator/ThermalDissipatorPassiveRender.kt:15:15 Abstract member cannot be accessed directly
e: file:///Users/aiw.robson/Documents/Projects/ElectricalAge2/src/main/kotlin/mods/eln/transparentnode/thermaldissipator/ThermalDissipatorPassiveRender.kt:16:14 Only safe (?.) or non-null asserted (!!.) calls are allowed on a nullable receiver of type Direction?
e: file:///Users/aiw.robson/Documents/Projects/ElectricalAge2/src/main/kotlin/mods/eln/transparentnode/turbine/TurbineRender.kt:13:15 Abstract member cannot be accessed directly

> Task :compileKotlin FAILED

FAILURE: Build failed with an exception.

* What went wrong:
Execution failed for task ':compileKotlin'.
> A failure occurred while executing org.jetbrains.kotlin.compilerRunner.GradleCompilerRunnerWithWorkers$GradleKotlinCompilerWorkAction
   > Compilation error. See log for more details

* Try:
> Run with --stacktrace option to get the stack trace.
> Run with --info or --debug option to get more log output.
> Run with --scan to get full insights.
> Get more help at https://help.gradle.org.

Deprecated Gradle features were used in this build, making it incompatible with Gradle 9.0.

You can use '--warning-mode all' to show the individual deprecation warnings and determine if they come from your own scripts or plugins.

For more on this, please refer to https://docs.gradle.org/8.5/userguide/command_line_interface.html#sec:command_line_warnings in the Gradle documentation.

BUILD FAILED in 35s
3 actionable tasks: 2 executed, 1 up-to-date
